Component: ARM Compiler 5.06 update 7 (build 960) Tool: armlink [4d3601]

==============================================================================

Section Cross References

    startup_stm32f10x_md.o(STACK) refers (Special) to heapauxi.o(.text) for __use_two_region_memory
    startup_stm32f10x_md.o(HEAP) refers (Special) to heapauxi.o(.text) for __use_two_region_memory
    startup_stm32f10x_md.o(RESET) refers (Special) to heapauxi.o(.text) for __use_two_region_memory
    startup_stm32f10x_md.o(RESET) refers to startup_stm32f10x_md.o(STACK) for __initial_sp
    startup_stm32f10x_md.o(RESET) refers to startup_stm32f10x_md.o(.text) for Reset_Handler
    startup_stm32f10x_md.o(RESET) refers to stm32f10x_it.o(i.NMI_Handler) for NMI_Handler
    startup_stm32f10x_md.o(RESET) refers to stm32f10x_it.o(i.HardFault_Handler) for HardFault_Handler
    startup_stm32f10x_md.o(RESET) refers to stm32f10x_it.o(i.MemManage_Handler) for MemManage_Handler
    startup_stm32f10x_md.o(RESET) refers to stm32f10x_it.o(i.BusFault_Handler) for BusFault_Handler
    startup_stm32f10x_md.o(RESET) refers to stm32f10x_it.o(i.UsageFault_Handler) for UsageFault_Handler
    startup_stm32f10x_md.o(RESET) refers to stm32f10x_it.o(i.SVC_Handler) for SVC_Handler
    startup_stm32f10x_md.o(RESET) refers to stm32f10x_it.o(i.DebugMon_Handler) for DebugMon_Handler
    startup_stm32f10x_md.o(RESET) refers to stm32f10x_it.o(i.PendSV_Handler) for PendSV_Handler
    startup_stm32f10x_md.o(RESET) refers to stm32f10x_it.o(i.SysTick_Handler) for SysTick_Handler
    startup_stm32f10x_md.o(RESET) refers to exti.o(i.EXTI0_IRQHandler) for EXTI0_IRQHandler
    startup_stm32f10x_md.o(RESET) refers to exti.o(i.EXTI4_IRQHandler) for EXTI4_IRQHandler
    startup_stm32f10x_md.o(RESET) refers to dma2.o(i.DMA1_Channel7_IRQHandler) for DMA1_Channel7_IRQHandler
    startup_stm32f10x_md.o(RESET) refers to exti.o(i.EXTI9_5_IRQHandler) for EXTI9_5_IRQHandler
    startup_stm32f10x_md.o(RESET) refers to timer1.o(i.TIM1_UP_IRQHandler) for TIM1_UP_IRQHandler
    startup_stm32f10x_md.o(RESET) refers to timer.o(i.TIM3_IRQHandler) for TIM3_IRQHandler
    startup_stm32f10x_md.o(RESET) refers to usart1.o(i.USART1_IRQHandler) for USART1_IRQHandler
    startup_stm32f10x_md.o(RESET) refers to dma2.o(i.USART2_IRQHandler) for USART2_IRQHandler
    startup_stm32f10x_md.o(RESET) refers to usart3.o(i.USART3_IRQHandler) for USART3_IRQHandler
    startup_stm32f10x_md.o(.text) refers (Special) to heapauxi.o(.text) for __use_two_region_memory
    startup_stm32f10x_md.o(.text) refers to system_stm32f10x.o(i.SystemInit) for SystemInit
    startup_stm32f10x_md.o(.text) refers to __main.o(!!!main) for __main
    startup_stm32f10x_md.o(.text) refers to startup_stm32f10x_md.o(HEAP) for Heap_Mem
    startup_stm32f10x_md.o(.text) refers to startup_stm32f10x_md.o(STACK) for Stack_Mem
    main.o(i.main) refers to _printf_percent.o(.ARM.Collect$$_printf_percent$$00000000) for _printf_percent
    main.o(i.main) refers to _printf_f.o(.ARM.Collect$$_printf_percent$$00000003) for _printf_f
    main.o(i.main) refers to printf1.o(x$fpl$printf1) for _printf_fp_dec
    main.o(i.main) refers to _printf_d.o(.ARM.Collect$$_printf_percent$$00000009) for _printf_d
    main.o(i.main) refers to _printf_dec.o(.text) for _printf_int_dec
    main.o(i.main) refers to system_stm32f10x.o(i.SystemInit) for SystemInit
    main.o(i.main) refers to delay.o(i.delay_init) for delay_init
    main.o(i.main) refers to motor_control.o(i.ctl_struc_init) for ctl_struc_init
    main.o(i.main) refers to led.o(i.LED_INIT) for LED_INIT
    main.o(i.main) refers to exti.o(i.EXTI_KEY_Config) for EXTI_KEY_Config
    main.o(i.main) refers to adc.o(i.Adc_Init) for Adc_Init
    main.o(i.main) refers to timer.o(i.TIM3_Init) for TIM3_Init
    main.o(i.main) refers to myiic.o(i.IIC_Init) for IIC_Init
    main.o(i.main) refers to dma2.o(i.uart2_init) for uart2_init
    main.o(i.main) refers to usart1.o(i.USART1_Init) for USART1_Init
    main.o(i.main) refers to timer1.o(i.pwm_init) for pwm_init
    main.o(i.main) refers to as5600.o(i.AS5600_Init) for AS5600_Init
    main.o(i.main) refers to as56001.o(i.Get_Temp_Add) for Get_Temp_Add
    main.o(i.main) refers to as56001.o(i.Change_angle) for Change_angle
    main.o(i.main) refers to as56001.o(i.Get_Current_angle) for Get_Current_angle
    main.o(i.main) refers to as56001.o(i.Get_Num_sign) for Get_Num_sign
    main.o(i.main) refers to noretval__2sprintf.o(.text) for __2sprintf
    main.o(i.main) refers to strlen.o(.text) for strlen
    main.o(i.main) refers to usart1.o(i.USART1_Send_Data) for USART1_Send_Data
    main.o(i.main) refers to delay.o(i.delay_ms) for delay_ms
    main.o(i.main) refers to as56001.o(.data) for Current_Angle
    nvic.o(i.EXTI_KEY_NVIC_Config) refers to misc.o(i.NVIC_Init) for NVIC_Init
    nvic.o(i.NVIC_Config) refers to misc.o(i.NVIC_PriorityGroupConfig) for NVIC_PriorityGroupConfig
[...]
    i.ipark_calc                             0x0800423c   Section        0  ipark.o(i.ipark_calc)
    i.main                                   0x08004284   Section        0  main.o(i.main)
    i.motor_control                          0x08004340   Section        0  motor_control.o(i.motor_control)
    i.over_cur_proctect                      0x080046a4   Section        0  motor_control.o(i.over_cur_proctect)
    i.pwm_cnt_irq_init                       0x08004704   Section        0  timer1.o(i.pwm_cnt_irq_init)
    i.pwm_disable                            0x08004708   Section        0  timer1.o(i.pwm_disable)
    i.pwm_enable                             0x08004718   Section        0  timer1.o(i.pwm_enable)
    i.pwm_init                               0x08004728   Section        0  timer1.o(i.pwm_init)
    i.pwm_pin_init                           0x0800473c   Section        0  timer1.o(i.pwm_pin_init)
    i.pwm_rcc_init                           0x08004780   Section        0  timer1.o(i.pwm_rcc_init)
    i.pwm_reset_duty                         0x08004790   Section        0  timer1.o(i.pwm_reset_duty)
    i.pwm_tim_init                           0x08004804   Section        0  timer1.o(i.pwm_tim_init)
    i.spd_pi_cal                             0x08004964   Section        0  motor_control.o(i.spd_pi_cal)
    i.speed_calc_iq                          0x08004a40   Section        0  motor_control.o(i.speed_calc_iq)
    i.uart2_dma_config                       0x08004bc0   Section        0  dma2.o(i.uart2_dma_config)
    i.uart2_init                             0x08004c7c   Section        0  dma2.o(i.uart2_init)
    i.usart2_recv_dma                        0x08004d1c   Section        0  dma2.o(i.usart2_recv_dma)
    i.usart2_send_dma                        0x08004d40   Section        0  dma2.o(i.usart2_send_dma)
    locale$$code                             0x08004d68   Section       44  lc_numeric_c.o(locale$$code)
    sincos_table                             0x08004d94   Section     2052  IQtables.o(sincos_table)
    x$fpl$dadd                               0x08005598   Section      336  daddsub_clz.o(x$fpl$dadd)
    _dadd1                                   0x080055a9   Thumb Code     0  daddsub_clz.o(x$fpl$dadd)
    x$fpl$ddiv                               0x080056e8   Section      688  ddiv.o(x$fpl$ddiv)
    ddiv_entry                               0x080056ef   Thumb Code     0  ddiv.o(x$fpl$ddiv)
    x$fpl$dfix                               0x08005998   Section       94  dfix.o(x$fpl$dfix)
    x$fpl$dflt                               0x080059f6   Section       46  dflt_clz.o(x$fpl$dflt)
    x$fpl$dfltu                              0x08005a24   Section       38  dflt_clz.o(x$fpl$dfltu)
    x$fpl$dmul                               0x08005a4c   Section      340  dmul.o(x$fpl$dmul)
    x$fpl$dnaninf                            0x08005ba0   Section      156  dnaninf.o(x$fpl$dnaninf)
    x$fpl$dretinf                            0x08005c3c   Section       12  dretinf.o(x$fpl$dretinf)
    x$fpl$dsub                               0x08005c48   Section      468  daddsub_clz.o(x$fpl$dsub)
    _dsub1                                   0x08005c59   Thumb Code     0  daddsub_clz.o(x$fpl$dsub)
    x$fpl$f2d                                0x08005e1c   Section       86  f2d.o(x$fpl$f2d)
    x$fpl$fadd                               0x08005e74   Section      196  faddsub_clz.o(x$fpl$fadd)
    _fadd1                                   0x08005e83   Thumb Code     0  faddsub_clz.o(x$fpl$fadd)
    x$fpl$fdiv                               0x08005f38   Section      388  fdiv.o(x$fpl$fdiv)
    _fdiv1                                   0x08005f39   Thumb Code     0  fdiv.o(x$fpl$fdiv)
    x$fpl$ffixu                              0x080060bc   Section       62  ffixu.o(x$fpl$ffixu)
    x$fpl$fflt                               0x080060fc   Section       48  fflt_clz.o(x$fpl$fflt)
    x$fpl$ffltu                              0x0800612c   Section       38  fflt_clz.o(x$fpl$ffltu)
    x$fpl$fmul                               0x08006154   Section      258  fmul.o(x$fpl$fmul)
    x$fpl$fnaninf                            0x08006256   Section      140  fnaninf.o(x$fpl$fnaninf)
    x$fpl$fretinf                            0x080062e2   Section       10  fretinf.o(x$fpl$fretinf)
    x$fpl$fsub                               0x080062ec   Section      234  faddsub_clz.o(x$fpl$fsub)
    _fsub1                                   0x080062fb   Thumb Code     0  faddsub_clz.o(x$fpl$fsub)
    x$fpl$printf1                            0x080063d6   Section        4  printf1.o(x$fpl$printf1)
    x$fpl$usenofp                            0x080063da   Section        0  usenofp.o(x$fpl$usenofp)
    .constdata                               0x080063dc   Section      148  bigflt0.o(.constdata)
    tenpwrs_x                                0x080063dc   Data          60  bigflt0.o(.constdata)
    tenpwrs_i                                0x08006418   Data          64  bigflt0.o(.constdata)
    locale$$data                             0x08006490   Section       28  lc_numeric_c.o(locale$$data)
    __lcnum_c_name                           0x08006494   Data           2  lc_numeric_c.o(locale$$data)
    __lcnum_c_start                          0x0800649c   Data           0  lc_numeric_c.o(locale$$data)
    __lcnum_c_point                          0x080064a8   Data           0  lc_numeric_c.o(locale$$data)
    __lcnum_c_thousands                      0x080064aa   Data           0  lc_numeric_c.o(locale$$data)
    __lcnum_c_grouping                       0x080064ab   Data           0  lc_numeric_c.o(locale$$data)
    __lcnum_c_end                            0x080064ac   Data           0  lc_numeric_c.o(locale$$data)
    .data                                    0x20000000   Section        5  usart1.o(.data)
    rc_tmp                                   0x20000000   Data           4  usart1.o(.data)
    .data                                    0x20000008   Section        8  usart3.o(.data)
    rc_tmp                                   0x20000008   Data           4  usart3.o(.data)
    .data                                    0x20000010   Section      336  motor_control.o(.data)
    rc_tmp                                   0x20000010   Data           4  motor_control.o(.data)
    record_spd_s6                            0x20000142   Data           2  motor_control.o(.data)
    spd_angle_ctr                            0x20000144   Data           2  motor_control.o(.data)
    spd_period_ctr                           0x20000146   Data           2  motor_control.o(.data)
    spd_pid_period_ctr                       0x20000148   Data           2  motor_control.o(.data)
    ang_pid_period_ctr                       0x2000014a   Data           2  motor_control.o(.data)
    ini_sticker                              0x20000150   Data           2  motor_control.o(.data)
    last_value                               0x20000158   Data           4  motor_control.o(.data)
    spd_temp                                 0x2000015c   Data           2  motor_control.o(.data)
    spd_dif_temp                             0x2000015e   Data           2  motor_control.o(.data)
    .data                                    0x20000160   Section        7  dma2.o(.data)
    .data                                    0x20000168   Section       60  as56001.o(.data)
    rc_tmp                                   0x20000168   Data           4  as56001.o(.data)
    .data                                    0x200001a4   Section       20  stm32f10x_rcc.o(.data)
    APBAHBPrescTable                         0x200001a4   Data          16  stm32f10x_rcc.o(.data)
    ADCPrescTable                            0x200001b4   Data           4  stm32f10x_rcc.o(.data)
    .data                                    0x200001b8   Section        4  delay.o(.data)
    fac_us                                   0x200001b8   Data           1  delay.o(.data)
    fac_ms                                   0x200001ba   Data           2  delay.o(.data)
    .data                                    0x200001bc   Section       20  system_stm32f10x.o(.data)
    .bss                                     0x200001d0   Section      640  usart1.o(.bss)
    .bss                                     0x20000450   Section      640  usart2.o(.bss)
    .bss                                     0x200006d0   Section      640  usart3.o(.bss)
    .bss                                     0x20000950   Section       20  ipark.o(.bss)
    .bss                                     0x20000964   Section       84  motor_control.o(.bss)
    .bss                                     0x200009b8   Section     1660  dma2.o(.bss)
    .bss                                     0x20001034   Section       96  libspace.o(.bss)
    HEAP                                     0x20001098   Section      512  startup_stm32f10x_md.o(HEAP)
    Heap_Mem                                 0x20001098   Data         512  startup_stm32f10x_md.o(HEAP)
    STACK                                    0x20001298   Section     1024  startup_stm32f10x_md.o(STACK)
    Stack_Mem                                0x20001298   Data        1024  startup_stm32f10x_md.o(STACK)
    __initial_sp                             0x20001698   Data           0  startup_stm32f10x_md.o(STACK)

    Global Symbols

    Symbol Name                              Value     Ov Type        Size  Object(Section)

    BuildAttributes$$THM_ISAv4$P$D$K$B$S$PE$A:L22UL41UL21$X:L11$S22US41US21$IEEE1$IW$USESV6$~STKCKD$USESV7$~SHL$OTIME$ROPI$IEEEJ$EBA8$UX$STANDARDLIB$REQ8$PRES8$EABIv2 0x00000000   Number         0  anon$$obj.o ABSOLUTE
    __ARM_use_no_argv                        0x00000000   Number         0  main.o ABSOLUTE
    _printf_flags                            0x00000000   Number         0  printf_stubs.o ABSOLUTE
    _printf_return_value                     0x00000000   Number         0  printf_stubs.o ABSOLUTE
    _printf_sizespec                         0x00000000   Number         0  printf_stubs.o ABSOLUTE
    _printf_widthprec                        0x00000000   Number         0  printf_stubs.o ABSOLUTE
    __ARM_exceptions_init                     - Undefined Weak Reference
    __alloca_initialize                       - Undefined Weak Reference
    __arm_fini_                               - Undefined Weak Reference
    __arm_preinit_                            - Undefined Weak Reference
    __cpp_initialize__aeabi_                  - Undefined Weak Reference
    __cxa_finalize                            - Undefined Weak Reference
    __sigvec_lookup                           - Undefined Weak Reference
    _atexit_init                              - Undefined Weak Reference
    _call_atexit_fns                          - Undefined Weak Reference
    _clock_init                               - Undefined Weak Reference
    _fp_trap_init                             - Undefined Weak Reference
    _fp_trap_shutdown                         - Undefined Weak Reference
    _get_lc_collate                           - Undefined Weak Reference
    _get_lc_ctype                             - Undefined Weak Reference
    _get_lc_monetary                          - Undefined Weak Reference
    _get_lc_time                              - Undefined Weak Reference
    _getenv_init                              - Undefined Weak Reference
    _handle_redirection                       - Undefined Weak Reference
    _init_alloc                               - Undefined Weak Reference
    _init_user_alloc                          - Undefined Weak Reference
    _initio                                   - Undefined Weak Reference
    _printf_post_padding                      - Undefined Weak Reference
    _printf_pre_padding                       - Undefined Weak Reference
    _printf_truncate_signed                   - Undefined Weak Reference
    _printf_truncate_unsigned                 - Undefined Weak Reference
    _rand_init                                - Undefined Weak Reference
    _signal_finish                            - Undefined Weak Reference
    _signal_init                              - Undefined Weak Reference
    _terminate_alloc                          - Undefined Weak Reference
    _terminate_user_alloc                     - Undefined Weak Reference
    _terminateio                              - Undefined Weak Reference
    __Vectors_Size                           0x000000ec   Number         0  startup_stm32f10x_md.o ABSOLUTE
    __Vectors                                0x08000000   Data           4  startup_stm32f10x_md.o(RESET)
    __Vectors_End                            0x080000ec   Data           0  startup_stm32f10x_md.o(RESET)
    __main                                   0x080000ed   Thumb Code     8  __main.o(!!!main)
    __scatterload                            0x080000f5   Thumb Code     0  __scatter.o(!!!scatter)
    __scatterload_rt2                        0x080000f5   Thumb Code    44  __scatter.o(!!!scatter)
    __scatterload_rt2_thumb_only             0x080000f5   Thumb Code     0  __scatter.o(!!!scatter)
    __scatterload_null                       0x08000103   Thumb Code     0  __scatter.o(!!!scatter)
    __decompress                             0x08000129   Thumb Code    90  __dczerorl2.o(!!dczerorl2)
    __decompress1                            0x08000129   Thumb Code     0  __dczerorl2.o(!!dczerorl2)
    __scatterload_zeroinit                   0x08000185   Thumb Code    28  __scatter_zi.o(!!handler_zi)
    _printf_f                                0x080001a1   Thumb Code     0  _printf_f.o(.ARM.Collect$$_printf_percent$$00000003)
    _printf_percent                          0x080001a1   Thumb Code     0  _printf_percent.o(.ARM.Collect$$_printf_percent$$00000000)
    _printf_d                                0x080001a7   Thumb Code     0  _printf_d.o(.ARM.Collect$$_printf_percent$$00000009)
    _printf_percent_end                      0x080001ad   Thumb Code     0  _printf_percent_end.o(.ARM.Collect$$_printf_percent$$00000017)
    __rt_lib_init                            0x080001b1   Thumb Code     0  libinit.o(.ARM.Collect$$libinit$$00000000)
    __rt_lib_init_fp_1                       0x080001b3   Thumb Code     0  libinit2.o(.ARM.Collect$$libinit$$00000002)
    __rt_lib_init_heap_1                     0x080001b3   Thumb Code     0  libinit2.o(.ARM.Collect$$libinit$$0000000A)
    __rt_lib_init_lc_common                  0x080001b3   Thumb Code     0  libinit2.o(.ARM.Collect$$libinit$$0000000F)
    __rt_lib_init_preinit_1                  0x080001b3   Thumb Code     0  libinit2.o(.ARM.Collect$$libinit$$00000004)
    __rt_lib_init_rand_1                     0x080001b3   Thumb Code     0  libinit2.o(.ARM.Collect$$libinit$$0000000E)
    __rt_lib_init_user_alloc_1               0x080001b3   Thumb Code     0  libinit2.o(.ARM.Collect$$libinit$$0000000C)
    __rt_lib_init_lc_collate_1               0x080001b9   Thumb Code     0  libinit2.o(.ARM.Collect$$libinit$$00000011)
    __rt_lib_init_lc_ctype_1                 0x080001b9   Thumb Code     0  libinit2.o(.ARM.Collect$$libinit$$00000013)
    __rt_lib_init_lc_monetary_1              0x080001b9   Thumb Code     0  libinit2.o(.ARM.Collect$$libinit$$00000015)
    __rt_lib_init_lc_numeric_2               0x080001b9   Thumb Code     0  libinit2.o(.ARM.Collect$$libinit$$00000016)
    __rt_lib_init_alloca_1                   0x080001c3   Thumb Code     0  libinit2.o(.ARM.Collect$$libinit$$0000002E)
    __rt_lib_init_argv_1                     0x080001c3   Thumb Code     0  libinit2.o(.ARM.Collect$$libinit$$0000002C)
    __rt_lib_init_atexit_1                   0x080001c3   Thumb Code     0  libinit2.o(.ARM.Collect$$libinit$$0000001B)
    __rt_lib_init_clock_1                    0x080001c3   Thumb Code     0  libinit2.o(.ARM.Collect$$libinit$$00000021)
    __rt_lib_init_cpp_1                      0x080001c3   Thumb Code     0  libinit2.o(.ARM.Collect$$libinit$$00000032)
    __rt_lib_init_exceptions_1               0x080001c3   Thumb Code     0  libinit2.o(.ARM.Collect$$libinit$$00000030)
    __rt_lib_init_fp_trap_1                  0x080001c3   Thumb Code     0  libinit2.o(.ARM.Collect$$libinit$$0000001F)
    __rt_lib_init_getenv_1                   0x080001c3   Thumb Code     0  libinit2.o(.ARM.Collect$$libinit$$00000023)
    __rt_lib_init_lc_numeric_1               0x080001c3   Thumb Code     0  libinit2.o(.ARM.Collect$$libinit$$00000017)
    __rt_lib_init_lc_time_1                  0x080001c3   Thumb Code     0  libinit2.o(.ARM.Collect$$libinit$$00000019)
    __rt_lib_init_return                     0x080001c3   Thumb Code     0  libinit2.o(.ARM.Collect$$libinit$$00000033)
    __rt_lib_init_signal_1                   0x080001c3   Thumb Code     0  libinit2.o(.ARM.Collect$$libinit$$0000001D)
    __rt_lib_init_stdio_1                    0x080001c3   Thumb Code     0  libinit2.o(.ARM.Collect$$libinit$$00000025)
    __rt_lib_shutdown                        0x080001c5   Thumb Code     0  libshutdown.o(.ARM.Collect$$libshutdown$$00000000)
    __rt_lib_shutdown_cpp_1                  0x080001c7   Thumb Code     0  libshutdown2.o(.ARM.Collect$$libshutdown$$00000004)
    __rt_lib_shutdown_fini_1                 0x080001c7   Thumb Code     0  libshutdown2.o(.ARM.Collect$$libshutdown$$00000002)
    __rt_lib_shutdown_fp_trap_1              0x080001c7   Thumb Code     0  libshutdown2.o(.ARM.Collect$$libshutdown$$00000009)
    __rt_lib_shutdown_heap_1                 0x080001c7   Thumb Code     0  libshutdown2.o(.ARM.Collect$$libshutdown$$00000011)
    __rt_lib_shutdown_return                 0x080001c7   Thumb Code     0  libshutdown2.o(.ARM.Collect$$libshutdown$$00000012)
    __rt_lib_shutdown_signal_1               0x080001c7   Thumb Code     0  libshutdown2.o(.ARM.Collect$$libshutdown$$0000000C)
    __rt_lib_shutdown_stdio_1                0x080001c7   Thumb Code     0  libshutdown2.o(.ARM.Collect$$libshutdown$$00000006)
    __rt_lib_shutdown_user_alloc_1           0x080001c7   Thumb Code     0  libshutdown2.o(.ARM.Collect$$libshutdown$$0000000E)
    __rt_entry                               0x080001c9   Thumb Code     0  __rtentry.o(.ARM.Collect$$rtentry$$00000000)
    __rt_entry_presh_1                       0x080001c9   Thumb Code     0  __rtentry2.o(.ARM.Collect$$rtentry$$00000002)
    __rt_entry_sh                            0x080001c9   Thumb Code     0  __rtentry4.o(.ARM.Collect$$rtentry$$00000004)
    __rt_entry_li                            0x080001cf   Thumb Code     0  __rtentry2.o(.ARM.Collect$$rtentry$$0000000A)
    __rt_entry_postsh_1                      0x080001cf   Thumb Code     0  __rtentry2.o(.ARM.Collect$$rtentry$$00000009)
    __rt_entry_main                          0x080001d3   Thumb Code     0  __rtentry2.o(.ARM.Collect$$rtentry$$0000000D)
    __rt_entry_postli_1                      0x080001d3   Thumb Code     0  __rtentry2.o(.ARM.Collect$$rtentry$$0000000C)
    __rt_exit                                0x080001db   Thumb Code     0  rtexit.o(.ARM.Collect$$rtexit$$00000000)
    __rt_exit_ls                             0x080001dd   Thumb Code     0  rtexit2.o(.ARM.Collect$$rtexit$$00000003)
    __rt_exit_prels_1                        0x080001dd   Thumb Code     0  rtexit2.o(.ARM.Collect$$rtexit$$00000002)
    __rt_exit_exit                           0x080001e1   Thumb Code     0  rtexit2.o(.ARM.Collect$$rtexit$$00000004)
    Reset_Handler                            0x080001e9   Thumb Code     8  startup_stm32f10x_md.o(.text)
    ADC1_2_IRQHandler                        0x08000203   Thumb Code     0  startup_stm32f10x_md.o(.text)
    CAN1_RX1_IRQHandler                      0x08000203   Thumb Code     0  startup_stm32f10x_md.o(.text)
    CAN1_SCE_IRQHandler                      0x08000203   Thumb Code     0  startup_stm32f10x_md.o(.text)
    DMA1_Channel1_IRQHandler                 0x08000203   Thumb Code     0  startup_stm32f10x_md.o(.text)
    DMA1_Channel2_IRQHandler                 0x08000203   Thumb Code     0  startup_stm32f10x_md.o(.text)
    DMA1_Channel3_IRQHandler                 0x08000203   Thumb Code     0  startup_stm32f10x_md.o(.text)
    DMA1_Channel4_IRQHandler                 0x08000203   Thumb Code     0  startup_stm32f10x_md.o(.text)
    DMA1_Channel5_IRQHandler                 0x08000203   Thumb Code     0  startup_stm32f10x_md.o(.text)
    DMA1_Channel6_IRQHandler                 0x08000203   Thumb Code     0  startup_stm32f10x_md.o(.text)
    EXTI15_10_IRQHandler                     0x08000203   Thumb Code     0  startup_stm32f10x_md.o(.text)
    EXTI1_IRQHandler                         0x08000203   Thumb Code     0  startup_stm32f10x_md.o(.text)
    EXTI2_IRQHandler                         0x08000203   Thumb Code     0  startup_stm32f10x_md.o(.text)
    EXTI3_IRQHandler                         0x08000203   Thumb Code     0  startup_stm32f10x_md.o(.text)
    FLASH_IRQHandler                         0x08000203   Thumb Code     0  startup_stm32f10x_md.o(.text)
    I2C1_ER_IRQHandler                       0x08000203   Thumb Code     0  startup_stm32f10x_md.o(.text)
    I2C1_EV_IRQHandler                       0x08000203   Thumb Code     0  startup_stm32f10x_md.o(.text)
    I2C2_ER_IRQHandler                       0x08000203   Thumb Code     0  startup_stm32f10x_md.o(.text)
    I2C2_EV_IRQHandler                       0x08000203   Thumb Code     0  startup_stm32f10x_md.o(.text)
    PVD_IRQHandler                           0x08000203   Thumb Code     0  startup_stm32f10x_md.o(.text)
    RCC_IRQHandler                           0x08000203   Thumb Code     0  startup_stm32f10x_md.o(.text)
    RTCAlarm_IRQHandler                      0x08000203   Thumb Code     0  startup_stm32f10x_md.o(.text)
    RTC_IRQHandler                           0x08000203   Thumb Code     0  startup_stm32f10x_md.o(.text)
    SPI1_IRQHandler                          0x08000203   Thumb Code     0  startup_stm32f10x_md.o(.text)
    SPI2_IRQHandler                          0x08000203   Thumb Code     0  startup_stm32f10x_md.o(.text)
    TAMPER_IRQHandler                        0x08000203   Thumb Code     0  startup_stm32f10x_md.o(.text)
    TIM1_BRK_IRQHandler                      0x08000203   Thumb Code     0  startup_stm32f10x_md.o(.text)
    TIM1_CC_IRQHandler                       0x08000203   Thumb Code     0  startup_stm32f10x_md.o(.text)
    TIM1_TRG_COM_IRQHandler                  0x08000203   Thumb Code     0  startup_stm32f10x_md.o(.text)
    TIM2_IRQHandler                          0x08000203   Thumb Code     0  startup_stm32f10x_md.o(.text)
    TIM4_IRQHandler                          0x08000203   Thumb Code     0  startup_stm32f10x_md.o(.text)
    USBWakeUp_IRQHandler                     0x08000203   Thumb Code     0  startup_stm32f10x_md.o(.text)
    USB_HP_CAN1_TX_IRQHandler                0x08000203   Thumb Code     0  startup_stm32f10x_md.o(.text)
    USB_LP_CAN1_RX0_IRQHandler               0x08000203   Thumb Code     0  startup_stm32f10x_md.o(.text)
    WWDG_IRQHandler                          0x08000203   Thumb Code     0  startup_stm32f10x_md.o(.text)
    __user_initial_stackheap                 0x08000205   Thumb Code     0  startup_stm32f10x_md.o(.text)
    __2sprintf                               0x08000229   Thumb Code    34  noretval__2sprintf.o(.text)
    _printf_int_dec                          0x08000251   Thumb Code   104  _printf_dec.o(.text)
    __printf                                 0x080002c9   Thumb Code   270  __printf_wp.o(.text)
    strlen                                   0x080003d7   Thumb Code    62  strlen.o(.text)
    __use_two_region_memory                  0x08000415   Thumb Code     2  heapauxi.o(.text)
    __rt_heap_escrow$2region                 0x08000417   Thumb Code     2  heapauxi.o(.text)
    __rt_heap_expand$2region                 0x08000419   Thumb Code     2  heapauxi.o(.text)
    _printf_int_common                       0x0800041b   Thumb Code   178  _printf_intcommon.o(.text)
    __lib_sel_fp_printf                      0x080004cd   Thumb Code     2  _printf_fp_dec.o(.text)
    _printf_fp_dec_real                      0x0800067f   Thumb Code   620  _printf_fp_dec.o(.text)
    _printf_char_common                      0x080008f7   Thumb Code    32  _printf_char_common.o(.text)
    _sputc                                   0x0800091d   Thumb Code    10  _sputc.o(.text)
    __rt_locale                              0x08000929   Thumb Code     8  rt_locale_intlibspace.o(.text)
    _ll_udiv10                               0x08000931   Thumb Code   138  lludiv10.o(.text)
    _printf_fp_infnan                        0x080009bd   Thumb Code   112  _printf_fp_infnan.o(.text)
    _btod_etento                             0x08000a3d   Thumb Code   224  bigflt0.o(.text)
    __user_libspace                          0x08000b21   Thumb Code     8  libspace.o(.text)
    __user_perproc_libspace                  0x08000b21   Thumb Code     0  libspace.o(.text)
    __user_perthread_libspace                0x08000b21   Thumb Code     0  libspace.o(.text)
    __user_setup_stackheap                   0x08000b29   Thumb Code    74  sys_stackheap_outer.o(.text)
    exit                                     0x08000b73   Thumb Code    18  exit.o(.text)
    strcmp                                   0x08000b85   Thumb Code   128  strcmpv7m.o(.text)
    _sys_exit                                0x08000c05   Thumb Code     8  sys_exit.o(.text)
    __I$use$semihosting                      0x08000c11   Thumb Code     0  use_no_semi.o(.text)
    __use_no_semihosting_swi                 0x08000c11   Thumb Code     2  use_no_semi.o(.text)
    __semihosting_library_function           0x08000c13   Thumb Code     0  indicate_semi.o(.text)
    _btod_d2e                                0x08000c13   Thumb Code    62  btod.o(CL$$btod_d2e)
    _d2e_denorm_low                          0x08000c51   Thumb Code    70  btod.o(CL$$btod_d2e_denorm_low)
    _d2e_norm_op1                            0x08000c97   Thumb Code    96  btod.o(CL$$btod_d2e_norm_op1)
    __btod_div_common                        0x08000cf7   Thumb Code   696  btod.o(CL$$btod_div_common)
    _e2e                                     0x0800102f   Thumb Code   220  btod.o(CL$$btod_e2e)
    _btod_ediv                               0x0800110b   Thumb Code    42  btod.o(CL$$btod_ediv)
    _btod_emul                               0x08001135   Thumb Code    42  btod.o(CL$$btod_emul)
    __btod_mult_common                       0x0800115f   Thumb Code   580  btod.o(CL$$btod_mult_common)
    _IQ15cosPU                               0x080013a5   Thumb Code     0  IQNcosPU.o(_IQ15cosPU)
    _IQ15div                                 0x08001425   Thumb Code     0  IQNdiv.o(_IQ15div)
    _IQ15mpy                                 0x080014b5   Thumb Code     0  IQNmpy.o(_IQ15mpy)
    _IQ15sinPU                               0x080014c5   Thumb Code     0  IQNsinPU.o(_IQ15sinPU)
    _IQ15toF                                 0x08001541   Thumb Code     0  IQNtoF.o(_IQ15toF)
    ADC_Cmd                                  0x08001565   Thumb Code    22  stm32f10x_adc.o(i.ADC_Cmd)
    ADC_DeInit                               0x0800157d   Thumb Code    78  stm32f10x_adc.o(i.ADC_DeInit)
    ADC_GetCalibrationStatus                 0x080015d9   Thumb Code    20  stm32f10x_adc.o(i.ADC_GetCalibrationStatus)
    ADC_GetConversionValue                   0x080015ed   Thumb Code     8  stm32f10x_adc.o(i.ADC_GetConversionValue)
    ADC_GetFlagStatus                        0x080015f5   Thumb Code    18  stm32f10x_adc.o(i.ADC_GetFlagStatus)
    ADC_GetResetCalibrationStatus            0x08001607   Thumb Code    20  stm32f10x_adc.o(i.ADC_GetResetCalibrationStatus)
    ADC_Init                                 0x0800161d   Thumb Code    70  stm32f10x_adc.o(i.ADC_Init)
    ADC_RegularChannelConfig                 0x0800166d   Thumb Code   184  stm32f10x_adc.o(i.ADC_RegularChannelConfig)
    ADC_ResetCalibration                     0x08001725   Thumb Code    10  stm32f10x_adc.o(i.ADC_ResetCalibration)
    ADC_SoftwareStartConvCmd                 0x0800172f   Thumb Code    22  stm32f10x_adc.o(i.ADC_SoftwareStartConvCmd)
    ADC_StartCalibration                     0x08001745   Thumb Code    10  stm32f10x_adc.o(i.ADC_StartCalibration)
    AS5600_Init                              0x0800174f   Thumb Code     8  as5600.o(i.AS5600_Init)
    AS5600_Read_Len                          0x08001757   Thumb Code   116  as5600.o(i.AS5600_Read_Len)
    Adc_Init                                 0x080017cd   Thumb Code   210  adc.o(i.Adc_Init)
    BusFault_Handler                         0x080018ad   Thumb Code     4  stm32f10x_it.o(i.BusFault_Handler)
    Change_angle                             0x080018b1   Thumb Code    36  as56001.o(i.Change_angle)
    DMA1_Channel7_IRQHandler                 0x080018e1   Thumb Code    36  dma2.o(i.DMA1_Channel7_IRQHandler)
    DMA_ClearITPendingBit                    0x0800190d   Thumb Code    18  stm32f10x_dma.o(i.DMA_ClearITPendingBit)
    DMA_Cmd                                  0x08001929   Thumb Code    24  stm32f10x_dma.o(i.DMA_Cmd)
    DMA_DeInit                               0x08001941   Thumb Code   324  stm32f10x_dma.o(i.DMA_DeInit)
    DMA_GetITStatus                          0x08001a8d   Thumb Code    36  stm32f10x_dma.o(i.DMA_GetITStatus)
    DMA_ITConfig                             0x08001ab9   Thumb Code    18  stm32f10x_dma.o(i.DMA_ITConfig)
    DMA_Init                                 0x08001acb   Thumb Code    60  stm32f10x_dma.o(i.DMA_Init)
    DMA_SetCurrDataCounter                   0x08001b07   Thumb Code     4  stm32f10x_dma.o(i.DMA_SetCurrDataCounter)
    DebugMon_Handler                         0x08001b0b   Thumb Code     2  stm32f10x_it.o(i.DebugMon_Handler)
    EXTI0_IRQHandler                         0x08001b0d   Thumb Code    20  exti.o(i.EXTI0_IRQHandler)
    EXTI4_IRQHandler                         0x08001b25   Thumb Code    64  exti.o(i.EXTI4_IRQHandler)
    EXTI9_5_IRQHandler                       0x08001b71   Thumb Code    26  exti.o(i.EXTI9_5_IRQHandler)
    EXTI_ClearITPendingBit                   0x08001b91   Thumb Code     6  stm32f10x_exti.o(i.EXTI_ClearITPendingBit)
    EXTI_Init                                0x08001b9d   Thumb Code   142  stm32f10x_exti.o(i.EXTI_Init)
    EXTI_KEY_Config                          0x08001c31   Thumb Code   110  exti.o(i.EXTI_KEY_Config)
    EXTI_KEY_NVIC_Config                     0x08001ca5   Thumb Code    62  nvic.o(i.EXTI_KEY_NVIC_Config)
    GPIO_EXTILineConfig                      0x08001ce5   Thumb Code    60  stm32f10x_gpio.o(i.GPIO_EXTILineConfig)
    GPIO_Init                                0x08001d25   Thumb Code   278  stm32f10x_gpio.o(i.GPIO_Init)
    GPIO_ResetBits                           0x08001e3b   Thumb Code     4  stm32f10x_gpio.o(i.GPIO_ResetBits)
    Get_Adc1                                 0x08001e41   Thumb Code    46  adc.o(i.Get_Adc1)
    Get_Adc2                                 0x08001e75   Thumb Code    46  adc.o(i.Get_Adc2)
    Get_Current_angle                        0x08001ea9   Thumb Code    64  as56001.o(i.Get_Current_angle)
    Get_Num_sign                             0x08001ef5   Thumb Code   104  as56001.o(i.Get_Num_sign)
    Get_Temp_Add                             0x08001f6d   Thumb Code   146  as56001.o(i.Get_Temp_Add)
    HardFault_Handler                        0x08002015   Thumb Code     4  stm32f10x_it.o(i.HardFault_Handler)
    IIC_Ack                                  0x08002019   Thumb Code    58  myiic.o(i.IIC_Ack)
    IIC_Init                                 0x08002061   Thumb Code    50  myiic.o(i.IIC_Init)
    IIC_NAck                                 0x080020a1   Thumb Code    56  myiic.o(i.IIC_NAck)
    IIC_Read_Byte                            0x080020e5   Thumb Code    92  myiic.o(i.IIC_Read_Byte)
    IIC_Send_Byte                            0x0800214d   Thumb Code    76  myiic.o(i.IIC_Send_Byte)
    IIC_Start                                0x080021a5   Thumb Code    58  myiic.o(i.IIC_Start)
    IIC_Stop                                 0x080021ed   Thumb Code    56  myiic.o(i.IIC_Stop)
    IIC_Wait_Ack                             0x08002231   Thumb Code    76  myiic.o(i.IIC_Wait_Ack)
    IQtoABS0_1                               0x08002289   Thumb Code    10  timer1.o(i.IQtoABS0_1)
    LED_INIT                                 0x08002295   Thumb Code    88  led.o(i.LED_INIT)
    MemManage_Handler                        0x080022f5   Thumb Code     4  stm32f10x_it.o(i.MemManage_Handler)
    NMI_Handler                              0x080022f9   Thumb Code     2  stm32f10x_it.o(i.NMI_Handler)
    NVIC_Config                              0x080022fb   Thumb Code    94  nvic.o(i.NVIC_Config)
    NVIC_Init                                0x08002359   Thumb Code   100  misc.o(i.NVIC_Init)
    NVIC_PriorityGroupConfig                 0x080023c9   Thumb Code    10  misc.o(i.NVIC_PriorityGroupConfig)
    PendSV_Handler                           0x080023dd   Thumb Code     2  stm32f10x_it.o(i.PendSV_Handler)
    RCC_ADCCLKConfig                         0x080023e1   Thumb Code    18  stm32f10x_rcc.o(i.RCC_ADCCLKConfig)
    RCC_AHBPeriphClockCmd                    0x080023f9   Thumb Code    26  stm32f10x_rcc.o(i.RCC_AHBPeriphClockCmd)
    RCC_APB1PeriphClockCmd                   0x08002419   Thumb Code    26  stm32f10x_rcc.o(i.RCC_APB1PeriphClockCmd)
    RCC_APB1PeriphResetCmd                   0x08002439   Thumb Code    26  stm32f10x_rcc.o(i.RCC_APB1PeriphResetCmd)
    RCC_APB2PeriphClockCmd                   0x08002459   Thumb Code    26  stm32f10x_rcc.o(i.RCC_APB2PeriphClockCmd)
    RCC_APB2PeriphResetCmd                   0x08002479   Thumb Code    26  stm32f10x_rcc.o(i.RCC_APB2PeriphResetCmd)
    RCC_GetClocksFreq                        0x08002499   Thumb Code   192  stm32f10x_rcc.o(i.RCC_GetClocksFreq)
    SVC_Handler                              0x0800256d   Thumb Code     2  stm32f10x_it.o(i.SVC_Handler)
    SysTick_CLKSourceConfig                  0x08002659   Thumb Code    40  misc.o(i.SysTick_CLKSourceConfig)
    SysTick_Handler                          0x08002681   Thumb Code     2  stm32f10x_it.o(i.SysTick_Handler)
    SystemInit                               0x08002685   Thumb Code    78  system_stm32f10x.o(i.SystemInit)
    TIM1_NVIC_Config                         0x080026e5   Thumb Code    34  nvic.o(i.TIM1_NVIC_Config)
    TIM1_UP_IRQHandler                       0x08002709   Thumb Code    96  timer1.o(i.TIM1_UP_IRQHandler)
    TIM2_NVIC_Config                         0x08002775   Thumb Code    30  nvic.o(i.TIM2_NVIC_Config)
    TIM3_IRQHandler                          0x08002795   Thumb Code   648  timer.o(i.TIM3_IRQHandler)
    TIM3_Init                                0x08002a4d   Thumb Code    98  timer.o(i.TIM3_Init)
    TIM3_NVIC_Config                         0x08002ab5   Thumb Code    32  nvic.o(i.TIM3_NVIC_Config)
    TIM4_NVIC_Config                         0x08002ad5   Thumb Code    34  nvic.o(i.TIM4_NVIC_Config)
    TIM_ARRPreloadConfig                     0x08002af7   Thumb Code    24  stm32f10x_tim.o(i.TIM_ARRPreloadConfig)
    TIM_BDTRConfig                           0x08002b0f   Thumb Code    32  stm32f10x_tim.o(i.TIM_BDTRConfig)
    TIM_CCPreloadControl                     0x08002b2f   Thumb Code    24  stm32f10x_tim.o(i.TIM_CCPreloadControl)
    TIM_ClearFlag                            0x08002b47   Thumb Code     6  stm32f10x_tim.o(i.TIM_ClearFlag)
    TIM_Cmd                                  0x08002b4d   Thumb Code    24  stm32f10x_tim.o(i.TIM_Cmd)
    TIM_CtrlPWMOutputs                       0x08002b65   Thumb Code    30  stm32f10x_tim.o(i.TIM_CtrlPWMOutputs)
    TIM_DeInit                               0x08002b85   Thumb Code   424  stm32f10x_tim.o(i.TIM_DeInit)
    TIM_GetITStatus                          0x08002d6d   Thumb Code    34  stm32f10x_tim.o(i.TIM_GetITStatus)
    TIM_ITConfig                             0x08002d8f   Thumb Code    18  stm32f10x_tim.o(i.TIM_ITConfig)
    TIM_OC1Init                              0x08002da1   Thumb Code   132  stm32f10x_tim.o(i.TIM_OC1Init)
    TIM_OC1PreloadConfig                     0x08002e39   Thumb Code    18  stm32f10x_tim.o(i.TIM_OC1PreloadConfig)
    TIM_OC2Init                              0x08002e4d   Thumb Code   154  stm32f10x_tim.o(i.TIM_OC2Init)
    TIM_OC2PreloadConfig                     0x08002ef1   Thumb Code    26  stm32f10x_tim.o(i.TIM_OC2PreloadConfig)
    TIM_OC3Init                              0x08002f0d   Thumb Code   150  stm32f10x_tim.o(i.TIM_OC3Init)
    TIM_OC3PreloadConfig                     0x08002fad   Thumb Code    18  stm32f10x_tim.o(i.TIM_OC3PreloadConfig)
    TIM_TimeBaseInit                         0x08002fc1   Thumb Code   122  stm32f10x_tim.o(i.TIM_TimeBaseInit)
    USART1_GPIO_Init                         0x08003065   Thumb Code    54  usart1.o(i.USART1_GPIO_Init)
    USART1_IRQHandler                        0x080030a1   Thumb Code    78  usart1.o(i.USART1_IRQHandler)
    USART1_Init                              0x080030fd   Thumb Code   106  usart1.o(i.USART1_Init)
    USART1_NVIC_Config                       0x0800316d   Thumb Code    32  nvic.o(i.USART1_NVIC_Config)
    USART1_Send_Byte                         0x0800318d   Thumb Code    28  usart1.o(i.USART1_Send_Byte)
    USART1_Send_Data                         0x080031ad   Thumb Code    26  usart1.o(i.USART1_Send_Data)
    USART1_info_deal                         0x080031c7   Thumb Code     2  usart1.o(i.USART1_info_deal)
    USART2_IRQHandler                        0x080031c9   Thumb Code    48  dma2.o(i.USART2_IRQHandler)
    USART2_NVIC_Config                       0x08003201   Thumb Code    34  nvic.o(i.USART2_NVIC_Config)
    USART2_info_deal                         0x08003225   Thumb Code  1534  usart2.o(i.USART2_info_deal)
    USART3_IRQHandler                        0x08003841   Thumb Code    84  usart3.o(i.USART3_IRQHandler)
    USART3_NVIC_Config                       0x080038a1   Thumb Code    30  nvic.o(i.USART3_NVIC_Config)
    USART3_data_translate                    0x080038bf   Thumb Code     2  usart3.o(i.USART3_data_translate)
    USART3_info_deal                         0x080038c1   Thumb Code    52  usart3.o(i.USART3_info_deal)
    USART_ClearFlag                          0x080038f9   Thumb Code    18  stm32f10x_usart.o(i.USART_ClearFlag)
    USART_ClearITPendingBit                  0x0800390b   Thumb Code    30  stm32f10x_usart.o(i.USART_ClearITPendingBit)
    USART_Cmd                                0x08003929   Thumb Code    24  stm32f10x_usart.o(i.USART_Cmd)
    USART_DMACmd                             0x08003941   Thumb Code    18  stm32f10x_usart.o(i.USART_DMACmd)
    USART_GetFlagStatus                      0x08003953   Thumb Code    26  stm32f10x_usart.o(i.USART_GetFlagStatus)
    USART_GetITStatus                        0x0800396d   Thumb Code    84  stm32f10x_usart.o(i.USART_GetITStatus)
    USART_ITConfig                           0x080039c1   Thumb Code    74  stm32f10x_usart.o(i.USART_ITConfig)
    USART_Init                               0x08003a0d   Thumb Code   210  stm32f10x_usart.o(i.USART_Init)
    USART_SendData                           0x08003ae5   Thumb Code     8  stm32f10x_usart.o(i.USART_SendData)
    UsageFault_Handler                       0x08003aed   Thumb Code     4  stm32f10x_it.o(i.UsageFault_Handler)
    __ARM_fpclassify                         0x08003af1   Thumb Code    40  fpclassify.o(i.__ARM_fpclassify)
    _is_digit                                0x08003b19   Thumb Code    14  __printf_wp.o(i._is_digit)
    ang_pi_cal                               0x08003b29   Thumb Code   246  motor_control.o(i.ang_pi_cal)
    clear_pi                                 0x08003c35   Thumb Code    28  motor_control.o(i.clear_pi)
    clr_ctl_vrbs                             0x08003c61   Thumb Code    76  motor_control.o(i.clr_ctl_vrbs)
    commond_start                            0x08003cd1   Thumb Code    44  motor_control.o(i.commond_start)
    commond_stop                             0x08003d05   Thumb Code    14  motor_control.o(i.commond_stop)
    crose_zero_iq                            0x08003d19   Thumb Code   122  motor_control.o(i.crose_zero_iq)
    ctl_struc_init                           0x08003d9d   Thumb Code   118  motor_control.o(i.ctl_struc_init)
    cur_pi_cal                               0x08003e49   Thumb Code   272  motor_control.o(i.cur_pi_cal)
    delay_init                               0x08003f65   Thumb Code    50  delay.o(i.delay_init)
    delay_ms                                 0x08003fa9   Thumb Code    72  delay.o(i.delay_ms)
    delay_us                                 0x08003ff5   Thumb Code    72  delay.o(i.delay_us)
    get_angle_u16                            0x08004041   Thumb Code    30  as5600.o(i.get_angle_u16)
    get_el_angle_iq                          0x08004061   Thumb Code    48  as5600.o(i.get_el_angle_iq)
    init_angle                               0x0800409d   Thumb Code   384  motor_control.o(i.init_angle)
    ipark_calc                               0x0800423d   Thumb Code    70  ipark.o(i.ipark_calc)
    main                                     0x08004285   Thumb Code   150  main.o(i.main)
    motor_control                            0x08004341   Thumb Code   780  motor_control.o(i.motor_control)
    over_cur_proctect                        0x080046a5   Thumb Code    90  motor_control.o(i.over_cur_proctect)
    pwm_cnt_irq_init                         0x08004705   Thumb Code     2  timer1.o(i.pwm_cnt_irq_init)
    pwm_disable                              0x08004709   Thumb Code    12  timer1.o(i.pwm_disable)
    pwm_enable                               0x08004719   Thumb Code    12  timer1.o(i.pwm_enable)
    pwm_init                                 0x08004729   Thumb Code    20  timer1.o(i.pwm_init)
    pwm_pin_init                             0x0800473d   Thumb Code    60  timer1.o(i.pwm_pin_init)
    pwm_rcc_init                             0x08004781   Thumb Code    14  timer1.o(i.pwm_rcc_init)
    pwm_reset_duty                           0x08004791   Thumb Code   102  timer1.o(i.pwm_reset_duty)
    pwm_tim_init                             0x08004805   Thumb Code   338  timer1.o(i.pwm_tim_init)
    spd_pi_cal                               0x08004965   Thumb Code   202  motor_control.o(i.spd_pi_cal)
    speed_calc_iq                            0x08004a41   Thumb Code   350  motor_control.o(i.speed_calc_iq)
    uart2_dma_config                         0x08004bc1   Thumb Code   172  dma2.o(i.uart2_dma_config)
    uart2_init                               0x08004c7d   Thumb Code   150  dma2.o(i.uart2_init)
    usart2_recv_dma                          0x08004d1d   Thumb Code    30  dma2.o(i.usart2_recv_dma)
    usart2_send_dma                          0x08004d41   Thumb Code    30  dma2.o(i.usart2_send_dma)
    _get_lc_numeric                          0x08004d69   Thumb Code    44  lc_numeric_c.o(locale$$code)
    sincos_table                             0x08004d94   Data           0  IQtables.o(sincos_table)
    __aeabi_dadd                             0x08005599   Thumb Code     0  daddsub_clz.o(x$fpl$dadd)
    _dadd                                    0x08005599   Thumb Code   332  daddsub_clz.o(x$fpl$dadd)
    __aeabi_ddiv                             0x080056e9   Thumb Code     0  ddiv.o(x$fpl$ddiv)
    _ddiv                                    0x080056e9   Thumb Code   552  ddiv.o(x$fpl$ddiv)
    __aeabi_d2iz                             0x08005999   Thumb Code     0  dfix.o(x$fpl$dfix)
    _dfix                                    0x08005999   Thumb Code    94  dfix.o(x$fpl$dfix)
    __aeabi_i2d                              0x080059f7   Thumb Code     0  dflt_clz.o(x$fpl$dflt)
    _dflt                                    0x080059f7   Thumb Code    46  dflt_clz.o(x$fpl$dflt)
    __aeabi_ui2d                             0x08005a25   Thumb Code     0  dflt_clz.o(x$fpl$dfltu)
    _dfltu                                   0x08005a25   Thumb Code    38  dflt_clz.o(x$fpl$dfltu)
    __aeabi_dmul                             0x08005a4d   Thumb Code     0  dmul.o(x$fpl$dmul)
    _dmul                                    0x08005a4d   Thumb Code   332  dmul.o(x$fpl$dmul)
    __fpl_dnaninf                            0x08005ba1   Thumb Code   156  dnaninf.o(x$fpl$dnaninf)
    __fpl_dretinf                            0x08005c3d   Thumb Code    12  dretinf.o(x$fpl$dretinf)
    __aeabi_dsub                             0x08005c49   Thumb Code     0  daddsub_clz.o(x$fpl$dsub)
    _dsub                                    0x08005c49   Thumb Code   464  daddsub_clz.o(x$fpl$dsub)
    __aeabi_f2d                              0x08005e1d   Thumb Code     0  f2d.o(x$fpl$f2d)
    _f2d                                     0x08005e1d   Thumb Code    86  f2d.o(x$fpl$f2d)
    __aeabi_fadd                             0x08005e75   Thumb Code     0  faddsub_clz.o(x$fpl$fadd)
    _fadd                                    0x08005e75   Thumb Code   196  faddsub_clz.o(x$fpl$fadd)
    __aeabi_fdiv                             0x08005f39   Thumb Code     0  fdiv.o(x$fpl$fdiv)
    _fdiv                                    0x08005f39   Thumb Code   384  fdiv.o(x$fpl$fdiv)
    __aeabi_f2uiz                            0x080060bd   Thumb Code     0  ffixu.o(x$fpl$ffixu)
    _ffixu                                   0x080060bd   Thumb Code    62  ffixu.o(x$fpl$ffixu)
    __aeabi_i2f                              0x080060fd   Thumb Code     0  fflt_clz.o(x$fpl$fflt)
    _fflt                                    0x080060fd   Thumb Code    48  fflt_clz.o(x$fpl$fflt)
    __aeabi_ui2f                             0x0800612d   Thumb Code     0  fflt_clz.o(x$fpl$ffltu)
    _ffltu                                   0x0800612d   Thumb Code    38  fflt_clz.o(x$fpl$ffltu)
    __aeabi_fmul                             0x08006155   Thumb Code     0  fmul.o(x$fpl$fmul)
    _fmul                                    0x08006155   Thumb Code   258  fmul.o(x$fpl$fmul)
    __fpl_fnaninf                            0x08006257   Thumb Code   140  fnaninf.o(x$fpl$fnaninf)
    __fpl_fretinf                            0x080062e3   Thumb Code    10  fretinf.o(x$fpl$fretinf)
    __aeabi_fsub                             0x080062ed   Thumb Code     0  faddsub_clz.o(x$fpl$fsub)
    _fsub                                    0x080062ed   Thumb Code   234  faddsub_clz.o(x$fpl$fsub)
    _printf_fp_dec                           0x080063d7   Thumb Code     4  printf1.o(x$fpl$printf1)
    __I$use$fp                               0x080063da   Number         0  usenofp.o(x$fpl$usenofp)
    Region$$Table$$Base                      0x08006470   Number         0  anon$$obj.o(Region$$Table)
    Region$$Table$$Limit                     0x08006490   Number         0  anon$$obj.o(Region$$Table)
    USART1_RX_CNT                            0x20000004   Data           1  usart1.o(.data)
    USART3_RX_CNT                            0x2000000c   Data           1  usart3.o(.data)
    Speed                                    0x2000000d   Data           1  usart3.o(.data)
    servo_error_arc                          0x2000000e   Data           1  usart3.o(.data)
    Delay_Run                                0x2000000f   Data           1  usart3.o(.data)
    RUN_FLAG                                 0x20000014   Data           1  motor_control.o(.data)
    RUN_LEVEL                                0x20000015   Data           1  motor_control.o(.data)
    PWM_FRQ                                  0x20000016   Data           2  motor_control.o(.data)
    ID_SET                                   0x20000018   Data           4  motor_control.o(.data)
    IQ_SET                                   0x2000001c   Data           4  motor_control.o(.data)
    ANG_SET                                  0x20000020   Data           4  motor_control.o(.data)
    SPD_SET                                  0x20000024   Data           4  motor_control.o(.data)
    ANGLE_OFFEST                             0x20000028   Data           4  motor_control.o(.data)
    ANG_KP                                   0x2000002c   Data           4  motor_control.o(.data)
    ANG_KI                                   0x20000030   Data           4  motor_control.o(.data)
    SPD_KP                                   0x20000034   Data           4  motor_control.o(.data)
    SPD_KI                                   0x20000038   Data           4  motor_control.o(.data)
    ID_KP                                    0x2000003c   Data           4  motor_control.o(.data)
    ID_KI                                    0x20000040   Data           4  motor_control.o(.data)
    IQ_KP                                    0x20000044   Data           4  motor_control.o(.data)
    IQ_KI                                    0x20000048   Data           4  motor_control.o(.data)
    rc1                                      0x2000004c   Data          28  motor_control.o(.data)
    rg1                                      0x20000068   Data          24  motor_control.o(.data)
    pi_ang1                                  0x20000080   Data          48  motor_control.o(.data)
    pi_id1                                   0x200000b0   Data          48  motor_control.o(.data)
    pi_iq1                                   0x200000e0   Data          48  motor_control.o(.data)
    pi_spd1                                  0x20000110   Data          48  motor_control.o(.data)
    cross_zero_flag                          0x20000140   Data           1  motor_control.o(.data)
    spd_temp                                 0x2000014c   Data           4  motor_control.o(.data)
    ini_angle_temp                           0x20000154   Data           4  motor_control.o(.data)
    uart2_recv_flag                          0x20000160   Data           1  dma2.o(.data)
    uart2_recv_len                           0x20000162   Data           2  dma2.o(.data)
    uart2_send_len                           0x20000164   Data           2  dma2.o(.data)
    uart2_send_flag                          0x20000166   Data           1  dma2.o(.data)
    angle_ini                                0x2000016c   Data           4  as56001.o(.data)
    temp0                                    0x20000170   Data           4  as56001.o(.data)
    temp1                                    0x20000174   Data           4  as56001.o(.data)
    temp2                                    0x20000178   Data           4  as56001.o(.data)
    temp_add                                 0x2000017c   Data           4  as56001.o(.data)
    buf                                      0x20000180   Data           2  as56001.o(.data)
    sign_angle                               0x20000184   Data           4  as56001.o(.data)
    True_Angle                               0x20000188   Data           8  as56001.o(.data)
    dir                                      0x20000190   Data           4  as56001.o(.data)
    Current_Angle                            0x20000198   Data           8  as56001.o(.data)
    Jian_Su_Bi                               0x200001a0   Data           4  as56001.o(.data)
    SystemCoreClock                          0x200001bc   Data           4  system_stm32f10x.o(.data)
    AHBPrescTable                            0x200001c0   Data          16  system_stm32f10x.o(.data)
    USART1_RX_BUF                            0x200001d0   Data         640  usart1.o(.bss)
    USART2_RX_BUF                            0x20000450   Data         640  usart2.o(.bss)
    USART3_RX_BUF                            0x200006d0   Data         640  usart3.o(.bss)
    ipark_parameter                          0x20000950   Data          20  ipark.o(.bss)
    svpwm                                    0x20000964   Data          36  motor_control.o(.bss)
    clarke1                                  0x20000988   Data          20  motor_control.o(.bss)
    park1                                    0x2000099c   Data          28  motor_control.o(.bss)
    uart2_recv_data                          0x200009b8   Data         830  dma2.o(.bss)
    uart2_send_data                          0x20000cf6   Data         830  dma2.o(.bss)
    __libspace_start                         0x20001034   Data          96  libspace.o(.bss)
    __temporary_stack_top$libspace           0x20001094   Data           0  libspace.o(.bss)



==============================================================================

Memory Map of the image

  Image Entry point : 0x080000ed

  Load Region LR_IROM1 (Base: 0x08000000, Size: 0x0000667c, Max: 0x00010000, ABSOLUTE, COMPRESSED[0x00006500])

    Execution Region ER_IROM1 (Exec base: 0x08000000, Load base: 0x08000000, Size: 0x000064ac, Max: 0x00010000, ABSOLUTE)

    Exec Addr    Load Addr    Size         Type   Attr      Idx    E Section Name        Object

    0x08000000   0x08000000   0x000000ec   Data   RO           19    RESET               startup_stm32f10x_md.o
    0x080000ec   0x080000ec   0x00000008   Code   RO         3928  * !!!main             c_w.l(__main.o)
    0x080000f4   0x080000f4   0x00000034   Code   RO         4200    !!!scatter          c_w.l(__scatter.o)
    0x08000128   0x08000128   0x0000005a   Code   RO         4198    !!dczerorl2         c_w.l(__dczerorl2.o)
    0x08000182   0x08000182   0x00000002   PAD
    0x08000184   0x08000184   0x0000001c   Code   RO         4202    !!handler_zi        c_w.l(__scatter_zi.o)
    0x080001a0   0x080001a0   0x00000000   Code   RO         3923    .ARM.Collect$$_printf_percent$$00000000  c_w.l(_printf_percent.o)
    0x080001a0   0x080001a0   0x00000006   Code   RO         3922    .ARM.Collect$$_printf_percent$$00000003  c_w.l(_printf_f.o)
    0x080001a6   0x080001a6   0x00000006   Code   RO         3921    .ARM.Collect$$_printf_percent$$00000009  c_w.l(_printf_d.o)
    0x080001ac   0x080001ac   0x00000004   Code   RO         3987    .ARM.Collect$$_printf_percent$$00000017  c_w.l(_printf_percent_end.o)
    0x080001b0   0x080001b0   0x00000002   Code   RO         4069    .ARM.Collect$$libinit$$00000000  c_w.l(libinit.o)
    0x080001b2   0x080001b2   0x00000000   Code   RO         4071    .ARM.Collect$$libinit$$00000002  c_w.l(libinit2.o)
    0x080001b2   0x080001b2   0x00000000   Code   RO         4073    .ARM.Collect$$libinit$$00000004  c_w.l(libinit2.o)
    0x080001b2   0x080001b2   0x00000000   Code   RO         4076    .ARM.Collect$$libinit$$0000000A  c_w.l(libinit2.o)
    0x080001b2   0x080001b2   0x00000000   Code   RO         4078    .ARM.Collect$$libinit$$0000000C  c_w.l(libinit2.o)
    0x080001b2   0x080001b2   0x00000000   Code   RO         4080    .ARM.Collect$$libinit$$0000000E  c_w.l(libinit2.o)
    0x080001b2   0x080001b2   0x00000006   Code   RO         4081    .ARM.Collect$$libinit$$0000000F  c_w.l(libinit2.o)
    0x080001b8   0x080001b8   0x00000000   Code   RO         4083    .ARM.Collect$$libinit$$00000011  c_w.l(libinit2.o)
    0x080001b8   0x080001b8   0x00000000   Code   RO         4085    .ARM.Collect$$libinit$$00000013  c_w.l(libinit2.o)
    0x080001b8   0x080001b8   0x00000000   Code   RO         4087    .ARM.Collect$$libinit$$00000015  c_w.l(libinit2.o)
    0x080001b8   0x080001b8   0x0000000a   Code   RO         4088    .ARM.Collect$$libinit$$00000016  c_w.l(libinit2.o)
    0x080001c2   0x080001c2   0x00000000   Code   RO         4089    .ARM.Collect$$libinit$$00000017  c_w.l(libinit2.o)
    0x080001c2   0x080001c2   0x00000000   Code   RO         4091    .ARM.Collect$$libinit$$00000019  c_w.l(libinit2.o)
    0x080001c2   0x080001c2   0x00000000   Code   RO         4093    .ARM.Collect$$libinit$$0000001B  c_w.l(libinit2.o)
    0x080001c2   0x080001c2   0x00000000   Code   RO         4095    .ARM.Collect$$libinit$$0000001D  c_w.l(libinit2.o)
    0x080001c2   0x080001c2   0x00000000   Code   RO         4097    .ARM.Collect$$libinit$$0000001F  c_w.l(libinit2.o)
    0x080001c2   0x080001c2   0x00000000   Code   RO         4099    .ARM.Collect$$libinit$$00000021  c_w.l(libinit2.o)
    0x080001c2   0x080001c2   0x00000000   Code   RO         4101    .ARM.Collect$$libinit$$00000023  c_w.l(libinit2.o)
    0x080001c2   0x080001c2   0x00000000   Code   RO         4103    .ARM.Collect$$libinit$$00000025  c_w.l(libinit2.o)
    0x080001c2   0x080001c2   0x00000000   Code   RO         4107    .ARM.Collect$$libinit$$0000002C  c_w.l(libinit2.o)
    0x080001c2   0x080001c2   0x00000000   Code   RO         4109    .ARM.Collect$$libinit$$0000002E  c_w.l(libinit2.o)
    0x080001c2   0x080001c2   0x00000000   Code   RO         4111    .ARM.Collect$$libinit$$00000030  c_w.l(libinit2.o)
    0x080001c2   0x080001c2   0x00000000   Code   RO         4113    .ARM.Collect$$libinit$$00000032  c_w.l(libinit2.o)
    0x080001c2   0x080001c2   0x00000002   Code   RO         4114    .ARM.Collect$$libinit$$00000033  c_w.l(libinit2.o)
    0x080001c4   0x080001c4   0x00000002   Code   RO         4144    .ARM.Collect$$libshutdown$$00000000  c_w.l(libshutdown.o)
    0x080001c6   0x080001c6   0x00000000   Code   RO         4155    .ARM.Collect$$libshutdown$$00000002  c_w.l(libshutdown2.o)
    0x080001c6   0x080001c6   0x00000000   Code   RO         4157    .ARM.Collect$$libshutdown$$00000004  c_w.l(libshutdown2.o)
    0x080001c6   0x080001c6   0x00000000   Code   RO         4159    .ARM.Collect$$libshutdown$$00000006  c_w.l(libshutdown2.o)
    0x080001c6   0x080001c6   0x00000000   Code   RO         4162    .ARM.Collect$$libshutdown$$00000009  c_w.l(libshutdown2.o)
    0x080001c6   0x080001c6   0x00000000   Code   RO         4165    .ARM.Collect$$libshutdown$$0000000C  c_w.l(libshutdown2.o)
    0x080001c6   0x080001c6   0x00000000   Code   RO         4167    .ARM.Collect$$libshutdown$$0000000E  c_w.l(libshutdown2.o)
    0x080001c6   0x080001c6   0x00000000   Code   RO         4170    .ARM.Collect$$libshutdown$$00000011  c_w.l(libshutdown2.o)
    0x080001c6   0x080001c6   0x00000002   Code   RO         4171    .ARM.Collect$$libshutdown$$00000012  c_w.l(libshutdown2.o)
    0x080001c8   0x080001c8   0x00000000   Code   RO         3978    .ARM.Collect$$rtentry$$00000000  c_w.l(__rtentry.o)
    0x080001c8   0x080001c8   0x00000000   Code   RO         3998    .ARM.Collect$$rtentry$$00000002  c_w.l(__rtentry2.o)
    0x080001c8   0x080001c8   0x00000006   Code   RO         4010    .ARM.Collect$$rtentry$$00000004  c_w.l(__rtentry4.o)
    0x080001ce   0x080001ce   0x00000000   Code   RO         4000    .ARM.Collect$$rtentry$$00000009  c_w.l(__rtentry2.o)
    0x080001ce   0x080001ce   0x00000004   Code   RO         4001    .ARM.Collect$$rtentry$$0000000A  c_w.l(__rtentry2.o)
    0x080001d2   0x080001d2   0x00000000   Code   RO         4003    .ARM.Collect$$rtentry$$0000000C  c_w.l(__rtentry2.o)
    0x080001d2   0x080001d2   0x00000008   Code   RO         4004    .ARM.Collect$$rtentry$$0000000D  c_w.l(__rtentry2.o)
    0x080001da   0x080001da   0x00000002   Code   RO         4115    .ARM.Collect$$rtexit$$00000000  c_w.l(rtexit.o)
    0x080001dc   0x080001dc   0x00000000   Code   RO         4122    .ARM.Collect$$rtexit$$00000002  c_w.l(rtexit2.o)
    0x080001dc   0x080001dc   0x00000004   Code   RO         4123    .ARM.Collect$$rtexit$$00000003  c_w.l(rtexit2.o)
    0x080001e0   0x080001e0   0x00000006   Code   RO         4124    .ARM.Collect$$rtexit$$00000004  c_w.l(rtexit2.o)
    0x080001e6   0x080001e6   0x00000002   PAD
    0x080001e8   0x080001e8   0x00000040   Code   RO           20    .text               startup_stm32f10x_md.o
    0x08000228   0x08000228   0x00000028   Code   RO         3895    .text               c_w.l(noretval__2sprintf.o)
    0x08000250   0x08000250   0x00000078   Code   RO         3899    .text               c_w.l(_printf_dec.o)
    0x080002c8   0x080002c8   0x0000010e   Code   RO         3909    .text               c_w.l(__printf_wp.o)
    0x080003d6   0x080003d6   0x0000003e   Code   RO         3924    .text               c_w.l(strlen.o)
    0x08000414   0x08000414   0x00000006   Code   RO         3926    .text               c_w.l(heapauxi.o)
    0x0800041a   0x0800041a   0x000000b2   Code   RO         3979    .text               c_w.l(_printf_intcommon.o)
    0x080004cc   0x080004cc   0x0000041e   Code   RO         3981    .text               c_w.l(_printf_fp_dec.o)
    0x080008ea   0x080008ea   0x00000002   PAD
    0x080008ec   0x080008ec   0x00000030   Code   RO         3983    .text               c_w.l(_printf_char_common.o)
    0x0800091c   0x0800091c   0x0000000a   Code   RO         3985    .text               c_w.l(_sputc.o)
    0x08000926   0x08000926   0x00000002   PAD
    0x08000928   0x08000928   0x00000008   Code   RO         4015    .text               c_w.l(rt_locale_intlibspace.o)
    0x08000930   0x08000930   0x0000008a   Code   RO         4017    .text               c_w.l(lludiv10.o)
    0x080009ba   0x080009ba   0x00000002   PAD
    0x080009bc   0x080009bc   0x00000080   Code   RO         4019    .text               c_w.l(_printf_fp_infnan.o)
    0x08000a3c   0x08000a3c   0x000000e4   Code   RO         4023    .text               c_w.l(bigflt0.o)
    0x08000b20   0x08000b20   0x00000008   Code   RO         4055    .text               c_w.l(libspace.o)
    0x08000b28   0x08000b28   0x0000004a   Code   RO         4058    .text               c_w.l(sys_stackheap_outer.o)
    0x08000b72   0x08000b72   0x00000012   Code   RO         4060    .text               c_w.l(exit.o)
    0x08000b84   0x08000b84   0x00000080   Code   RO         4062    .text               c_w.l(strcmpv7m.o)
    0x08000c04   0x08000c04   0x0000000c   Code   RO         4134    .text               c_w.l(sys_exit.o)
    0x08000c10   0x08000c10   0x00000002   Code   RO         4145    .text               c_w.l(use_no_semi.o)
    0x08000c12   0x08000c12   0x00000000   Code   RO         4147    .text               c_w.l(indicate_semi.o)
    0x08000c12   0x08000c12   0x0000003e   Code   RO         4026    CL$$btod_d2e        c_w.l(btod.o)
    0x08000c50   0x08000c50   0x00000046   Code   RO         4028    CL$$btod_d2e_denorm_low  c_w.l(btod.o)
    0x08000c96   0x08000c96   0x00000060   Code   RO         4027    CL$$btod_d2e_norm_op1  c_w.l(btod.o)
    0x08000cf6   0x08000cf6   0x00000338   Code   RO         4036    CL$$btod_div_common  c_w.l(btod.o)
    0x0800102e   0x0800102e   0x000000dc   Code   RO         4033    CL$$btod_e2e        c_w.l(btod.o)
    0x0800110a   0x0800110a   0x0000002a   Code   RO         4030    CL$$btod_ediv       c_w.l(btod.o)
    0x08001134   0x08001134   0x0000002a   Code   RO         4029    CL$$btod_emul       c_w.l(btod.o)
    0x0800115e   0x0800115e   0x00000244   Code   RO         4035    CL$$btod_mult_common  c_w.l(btod.o)
    0x080013a2   0x080013a2   0x00000002   PAD
    0x080013a4   0x080013a4   0x00000080   Code   RO         3437    _IQ15cosPU          IQmathLib-cm3.lib(IQNcosPU.o)
    0x08001424   0x08001424   0x00000090   Code   RO         3527    _IQ15div            IQmathLib-cm3.lib(IQNdiv.o)
    0x080014b4   0x080014b4   0x00000010   Code   RO         3617    _IQ15mpy            IQmathLib-cm3.lib(IQNmpy.o)
    0x080014c4   0x080014c4   0x0000007c   Code   RO         3707    _IQ15sinPU          IQmathLib-cm3.lib(IQNsinPU.o)
    0x08001540   0x08001540   0x00000024   Code   RO         3797    _IQ15toF            IQmathLib-cm3.lib(IQNtoF.o)
    0x08001564   0x08001564   0x00000016   Code   RO         2973    i.ADC_Cmd           stm32f10x_adc.o
    0x0800157a   0x0800157a   0x00000002   PAD
    0x0800157c   0x0800157c   0x0000005c   Code   RO         2975    i.ADC_DeInit        stm32f10x_adc.o
    0x080015d8   0x080015d8   0x00000014   Code   RO         2981    i.ADC_GetCalibrationStatus  stm32f10x_adc.o
    0x080015ec   0x080015ec   0x00000008   Code   RO         2982    i.ADC_GetConversionValue  stm32f10x_adc.o
    0x080015f4   0x080015f4   0x00000012   Code   RO         2984    i.ADC_GetFlagStatus  stm32f10x_adc.o
    0x08001606   0x08001606   0x00000014   Code   RO         2987    i.ADC_GetResetCalibrationStatus  stm32f10x_adc.o
    0x0800161a   0x0800161a   0x00000002   PAD
    0x0800161c   0x0800161c   0x00000050   Code   RO         2991    i.ADC_Init          stm32f10x_adc.o
    0x0800166c   0x0800166c   0x000000b8   Code   RO         2995    i.ADC_RegularChannelConfig  stm32f10x_adc.o
    0x08001724   0x08001724   0x0000000a   Code   RO         2996    i.ADC_ResetCalibration  stm32f10x_adc.o
    0x0800172e   0x0800172e   0x00000016   Code   RO         2998    i.ADC_SoftwareStartConvCmd  stm32f10x_adc.o
    0x08001744   0x08001744   0x0000000a   Code   RO         3000    i.ADC_StartCalibration  stm32f10x_adc.o
    0x0800174e   0x0800174e   0x00000008   Code   RO          933    i.AS5600_Init       as5600.o
    0x08001756   0x08001756   0x00000074   Code   RO          934    i.AS5600_Read_Len   as5600.o
    0x080017ca   0x080017ca   0x00000002   PAD
    0x080017cc   0x080017cc   0x000000e0   Code   RO          897    i.Adc_Init          adc.o
    0x080018ac   0x080018ac   0x00000004   Code   RO         3299    i.BusFault_Handler  stm32f10x_it.o
    0x080018b0   0x080018b0   0x00000030   Code   RO         1099    i.Change_angle      as56001.o
    0x080018e0   0x080018e0   0x0000002c   Code   RO         1022    i.DMA1_Channel7_IRQHandler  dma2.o
    0x0800190c   0x0800190c   0x0000001c   Code   RO         3190    i.DMA_ClearITPendingBit  stm32f10x_dma.o
    0x08001928   0x08001928   0x00000018   Code   RO         3191    i.DMA_Cmd           stm32f10x_dma.o
    0x08001940   0x08001940   0x0000014c   Code   RO         3192    i.DMA_DeInit        stm32f10x_dma.o
    0x08001a8c   0x08001a8c   0x0000002c   Code   RO         3195    i.DMA_GetITStatus   stm32f10x_dma.o
    0x08001ab8   0x08001ab8   0x00000012   Code   RO         3196    i.DMA_ITConfig      stm32f10x_dma.o
    0x08001aca   0x08001aca   0x0000003c   Code   RO         3197    i.DMA_Init          stm32f10x_dma.o
    0x08001b06   0x08001b06   0x00000004   Code   RO         3198    i.DMA_SetCurrDataCounter  stm32f10x_dma.o
    0x08001b0a   0x08001b0a   0x00000002   Code   RO         3300    i.DebugMon_Handler  stm32f10x_it.o
    0x08001b0c   0x08001b0c   0x00000018   Code   RO          544    i.EXTI0_IRQHandler  exti.o
    0x08001b24   0x08001b24   0x0000004c   Code   RO          545    i.EXTI4_IRQHandler  exti.o
    0x08001b70   0x08001b70   0x00000020   Code   RO          546    i.EXTI9_5_IRQHandler  exti.o
    0x08001b90   0x08001b90   0x0000000c   Code   RO         1230    i.EXTI_ClearITPendingBit  stm32f10x_exti.o
    0x08001b9c   0x08001b9c   0x00000094   Code   RO         1235    i.EXTI_Init         stm32f10x_exti.o
    0x08001c30   0x08001c30   0x00000074   Code   RO          547    i.EXTI_KEY_Config   exti.o
    0x08001ca4   0x08001ca4   0x0000003e   Code   RO          163    i.EXTI_KEY_NVIC_Config  nvic.o
    0x08001ce2   0x08001ce2   0x00000002   PAD
    0x08001ce4   0x08001ce4   0x00000040   Code   RO         1289    i.GPIO_EXTILineConfig  stm32f10x_gpio.o
    0x08001d24   0x08001d24   0x00000116   Code   RO         1292    i.GPIO_Init         stm32f10x_gpio.o
    0x08001e3a   0x08001e3a   0x00000004   Code   RO         1299    i.GPIO_ResetBits    stm32f10x_gpio.o
    0x08001e3e   0x08001e3e   0x00000002   PAD
    0x08001e40   0x08001e40   0x00000034   Code   RO          898    i.Get_Adc1          adc.o
    0x08001e74   0x08001e74   0x00000034   Code   RO          899    i.Get_Adc2          adc.o
    0x08001ea8   0x08001ea8   0x0000004c   Code   RO         1100    i.Get_Current_angle  as56001.o
    0x08001ef4   0x08001ef4   0x00000078   Code   RO         1102    i.Get_Num_sign      as56001.o
    0x08001f6c   0x08001f6c   0x000000a8   Code   RO         1103    i.Get_Temp_Add      as56001.o
    0x08002014   0x08002014   0x00000004   Code   RO         3301    i.HardFault_Handler  stm32f10x_it.o
    0x08002018   0x08002018   0x00000048   Code   RO          965    i.IIC_Ack           myiic.o
    0x08002060   0x08002060   0x00000040   Code   RO          966    i.IIC_Init          myiic.o
    0x080020a0   0x080020a0   0x00000044   Code   RO          967    i.IIC_NAck          myiic.o
    0x080020e4   0x080020e4   0x00000068   Code   RO          968    i.IIC_Read_Byte     myiic.o
    0x0800214c   0x0800214c   0x00000058   Code   RO          969    i.IIC_Send_Byte     myiic.o
    0x080021a4   0x080021a4   0x00000048   Code   RO          970    i.IIC_Start         myiic.o
    0x080021ec   0x080021ec   0x00000044   Code   RO          971    i.IIC_Stop          myiic.o
    0x08002230   0x08002230   0x00000058   Code   RO          972    i.IIC_Wait_Ack      myiic.o
    0x08002288   0x08002288   0x0000000a   Code   RO          816    i.IQtoABS0_1        timer1.o
    0x08002292   0x08002292   0x00000002   PAD
    0x08002294   0x08002294   0x00000060   Code   RO          529    i.LED_INIT          led.o
    0x080022f4   0x080022f4   0x00000004   Code   RO         3302    i.MemManage_Handler  stm32f10x_it.o
    0x080022f8   0x080022f8   0x00000002   Code   RO         3303    i.NMI_Handler       stm32f10x_it.o
    0x080022fa   0x080022fa   0x0000005e   Code   RO          164    i.NVIC_Config       nvic.o
    0x08002358   0x08002358   0x00000070   Code   RO         1148    i.NVIC_Init         misc.o
    0x080023c8   0x080023c8   0x00000014   Code   RO         1149    i.NVIC_PriorityGroupConfig  misc.o
    0x080023dc   0x080023dc   0x00000002   Code   RO         3304    i.PendSV_Handler    stm32f10x_it.o
    0x080023de   0x080023de   0x00000002   PAD
    0x080023e0   0x080023e0   0x00000018   Code   RO         1400    i.RCC_ADCCLKConfig  stm32f10x_rcc.o
    0x080023f8   0x080023f8   0x00000020   Code   RO         1401    i.RCC_AHBPeriphClockCmd  stm32f10x_rcc.o
    0x08002418   0x08002418   0x00000020   Code   RO         1402    i.RCC_APB1PeriphClockCmd  stm32f10x_rcc.o
    0x08002438   0x08002438   0x00000020   Code   RO         1403    i.RCC_APB1PeriphResetCmd  stm32f10x_rcc.o
    0x08002458   0x08002458   0x00000020   Code   RO         1404    i.RCC_APB2PeriphClockCmd  stm32f10x_rcc.o
    0x08002478   0x08002478   0x00000020   Code   RO         1405    i.RCC_APB2PeriphResetCmd  stm32f10x_rcc.o
    0x08002498   0x08002498   0x000000d4   Code   RO         1412    i.RCC_GetClocksFreq  stm32f10x_rcc.o
    0x0800256c   0x0800256c   0x00000002   Code   RO         3305    i.SVC_Handler       stm32f10x_it.o
    0x0800256e   0x0800256e   0x00000008   Code   RO         3386    i.SetSysClock       system_stm32f10x.o
    0x08002576   0x08002576   0x00000002   PAD
    0x08002578   0x08002578   0x000000e0   Code   RO         3387    i.SetSysClockTo72   system_stm32f10x.o
    0x08002658   0x08002658   0x00000028   Code   RO         1152    i.SysTick_CLKSourceConfig  misc.o
    0x08002680   0x08002680   0x00000002   Code   RO         3306    i.SysTick_Handler   stm32f10x_it.o
    0x08002682   0x08002682   0x00000002   PAD
    0x08002684   0x08002684   0x00000060   Code   RO         3389    i.SystemInit        system_stm32f10x.o
    0x080026e4   0x080026e4   0x00000022   Code   RO          165    i.TIM1_NVIC_Config  nvic.o
    0x08002706   0x08002706   0x00000002   PAD
    0x08002708   0x08002708   0x0000006c   Code   RO          817    i.TIM1_UP_IRQHandler  timer1.o
    0x08002774   0x08002774   0x0000001e   Code   RO          166    i.TIM2_NVIC_Config  nvic.o
    0x08002792   0x08002792   0x00000002   PAD
    0x08002794   0x08002794   0x000002b8   Code   RO          579    i.TIM3_IRQHandler   timer.o
    0x08002a4c   0x08002a4c   0x00000068   Code   RO          580    i.TIM3_Init         timer.o
    0x08002ab4   0x08002ab4   0x00000020   Code   RO          167    i.TIM3_NVIC_Config  nvic.o
    0x08002ad4   0x08002ad4   0x00000022   Code   RO          168    i.TIM4_NVIC_Config  nvic.o
    0x08002af6   0x08002af6   0x00000018   Code   RO         2033    i.TIM_ARRPreloadConfig  stm32f10x_tim.o
    0x08002b0e   0x08002b0e   0x00000020   Code   RO         2034    i.TIM_BDTRConfig    stm32f10x_tim.o
    0x08002b2e   0x08002b2e   0x00000018   Code   RO         2036    i.TIM_CCPreloadControl  stm32f10x_tim.o
    0x08002b46   0x08002b46   0x00000006   Code   RO         2039    i.TIM_ClearFlag     stm32f10x_tim.o
    0x08002b4c   0x08002b4c   0x00000018   Code   RO         2045    i.TIM_Cmd           stm32f10x_tim.o
    0x08002b64   0x08002b64   0x0000001e   Code   RO         2047    i.TIM_CtrlPWMOutputs  stm32f10x_tim.o
    0x08002b82   0x08002b82   0x00000002   PAD
    0x08002b84   0x08002b84   0x000001e8   Code   RO         2050    i.TIM_DeInit        stm32f10x_tim.o
    0x08002d6c   0x08002d6c   0x00000022   Code   RO         2066    i.TIM_GetITStatus   stm32f10x_tim.o
    0x08002d8e   0x08002d8e   0x00000012   Code   RO         2070    i.TIM_ITConfig      stm32f10x_tim.o
    0x08002da0   0x08002da0   0x00000098   Code   RO         2074    i.TIM_OC1Init       stm32f10x_tim.o
    0x08002e38   0x08002e38   0x00000012   Code   RO         2077    i.TIM_OC1PreloadConfig  stm32f10x_tim.o
    0x08002e4a   0x08002e4a   0x00000002   PAD
    0x08002e4c   0x08002e4c   0x000000a4   Code   RO         2079    i.TIM_OC2Init       stm32f10x_tim.o
    0x08002ef0   0x08002ef0   0x0000001a   Code   RO         2082    i.TIM_OC2PreloadConfig  stm32f10x_tim.o
    0x08002f0a   0x08002f0a   0x00000002   PAD
    0x08002f0c   0x08002f0c   0x000000a0   Code   RO         2084    i.TIM_OC3Init       stm32f10x_tim.o
    0x08002fac   0x08002fac   0x00000012   Code   RO         2087    i.TIM_OC3PreloadConfig  stm32f10x_tim.o
    0x08002fbe   0x08002fbe   0x00000002   PAD
    0x08002fc0   0x08002fc0   0x000000a4   Code   RO         2116    i.TIM_TimeBaseInit  stm32f10x_tim.o
    0x08003064   0x08003064   0x0000003c   Code   RO          261    i.USART1_GPIO_Init  usart1.o
    0x080030a0   0x080030a0   0x0000005c   Code   RO          262    i.USART1_IRQHandler  usart1.o
    0x080030fc   0x080030fc   0x00000070   Code   RO          263    i.USART1_Init       usart1.o
    0x0800316c   0x0800316c   0x00000020   Code   RO          169    i.USART1_NVIC_Config  nvic.o
    0x0800318c   0x0800318c   0x00000020   Code   RO          264    i.USART1_Send_Byte  usart1.o
    0x080031ac   0x080031ac   0x0000001a   Code   RO          265    i.USART1_Send_Data  usart1.o
    0x080031c6   0x080031c6   0x00000002   Code   RO          267    i.USART1_info_deal  usart1.o
    0x080031c8   0x080031c8   0x00000038   Code   RO         1024    i.USART2_IRQHandler  dma2.o
    0x08003200   0x08003200   0x00000022   Code   RO          170    i.USART2_NVIC_Config  nvic.o
    0x08003222   0x08003222   0x00000002   PAD
    0x08003224   0x08003224   0x0000061c   Code   RO          439    i.USART2_info_deal  usart2.o
    0x08003840   0x08003840   0x00000060   Code   RO          480    i.USART3_IRQHandler  usart3.o
    0x080038a0   0x080038a0   0x0000001e   Code   RO          171    i.USART3_NVIC_Config  nvic.o
    0x080038be   0x080038be   0x00000002   Code   RO          484    i.USART3_data_translate  usart3.o
    0x080038c0   0x080038c0   0x00000038   Code   RO          485    i.USART3_info_deal  usart3.o
    0x080038f8   0x080038f8   0x00000012   Code   RO         2580    i.USART_ClearFlag   stm32f10x_usart.o
    0x0800390a   0x0800390a   0x0000001e   Code   RO         2581    i.USART_ClearITPendingBit  stm32f10x_usart.o
    0x08003928   0x08003928   0x00000018   Code   RO         2584    i.USART_Cmd         stm32f10x_usart.o
    0x08003940   0x08003940   0x00000012   Code   RO         2585    i.USART_DMACmd      stm32f10x_usart.o
    0x08003952   0x08003952   0x0000001a   Code   RO         2587    i.USART_GetFlagStatus  stm32f10x_usart.o
    0x0800396c   0x0800396c   0x00000054   Code   RO         2588    i.USART_GetITStatus  stm32f10x_usart.o
    0x080039c0   0x080039c0   0x0000004a   Code   RO         2590    i.USART_ITConfig    stm32f10x_usart.o
    0x08003a0a   0x08003a0a   0x00000002   PAD
    0x08003a0c   0x08003a0c   0x000000d8   Code   RO         2591    i.USART_Init        stm32f10x_usart.o
    0x08003ae4   0x08003ae4   0x00000008   Code   RO         2601    i.USART_SendData    stm32f10x_usart.o
    0x08003aec   0x08003aec   0x00000004   Code   RO         3307    i.UsageFault_Handler  stm32f10x_it.o
    0x08003af0   0x08003af0   0x00000028   Code   RO         4053    i.__ARM_fpclassify  m_ws.l(fpclassify.o)
    0x08003b18   0x08003b18   0x0000000e   Code   RO         3911    i._is_digit         c_w.l(__printf_wp.o)
    0x08003b26   0x08003b26   0x00000002   PAD
    0x08003b28   0x08003b28   0x0000010c   Code   RO          709    i.ang_pi_cal        motor_control.o
    0x08003c34   0x08003c34   0x0000002c   Code   RO          710    i.clear_pi          motor_control.o
    0x08003c60   0x08003c60   0x00000070   Code   RO          711    i.clr_ctl_vrbs      motor_control.o
    0x08003cd0   0x08003cd0   0x00000034   Code   RO          712    i.commond_start     motor_control.o
    0x08003d04   0x08003d04   0x00000014   Code   RO          713    i.commond_stop      motor_control.o
    0x08003d18   0x08003d18   0x00000084   Code   RO          714    i.crose_zero_iq     motor_control.o
    0x08003d9c   0x08003d9c   0x000000ac   Code   RO          715    i.ctl_struc_init    motor_control.o
    0x08003e48   0x08003e48   0x0000011c   Code   RO          716    i.cur_pi_cal        motor_control.o
    0x08003f64   0x08003f64   0x00000044   Code   RO         3261    i.delay_init        delay.o
    0x08003fa8   0x08003fa8   0x0000004c   Code   RO         3262    i.delay_ms          delay.o
    0x08003ff4   0x08003ff4   0x0000004c   Code   RO         3263    i.delay_us          delay.o
    0x08004040   0x08004040   0x0000001e   Code   RO          935    i.get_angle_u16     as5600.o
    0x0800405e   0x0800405e   0x00000002   PAD
    0x08004060   0x08004060   0x0000003c   Code   RO          936    i.get_el_angle_iq   as5600.o
    0x0800409c   0x0800409c   0x000001a0   Code   RO          717    i.init_angle        motor_control.o
    0x0800423c   0x0800423c   0x00000046   Code   RO          649    i.ipark_calc        ipark.o
    0x08004282   0x08004282   0x00000002   PAD
    0x08004284   0x08004284   0x000000bc   Code   RO           24    i.main              main.o
    0x08004340   0x08004340   0x00000364   Code   RO          718    i.motor_control     motor_control.o
    0x080046a4   0x080046a4   0x00000060   Code   RO          719    i.over_cur_proctect  motor_control.o
    0x08004704   0x08004704   0x00000002   Code   RO          819    i.pwm_cnt_irq_init  timer1.o
    0x08004706   0x08004706   0x00000002   PAD
    0x08004708   0x08004708   0x00000010   Code   RO          820    i.pwm_disable       timer1.o
    0x08004718   0x08004718   0x00000010   Code   RO          821    i.pwm_enable        timer1.o
    0x08004728   0x08004728   0x00000014   Code   RO          822    i.pwm_init          timer1.o
    0x0800473c   0x0800473c   0x00000044   Code   RO          823    i.pwm_pin_init      timer1.o
    0x08004780   0x08004780   0x0000000e   Code   RO          824    i.pwm_rcc_init      timer1.o
    0x0800478e   0x0800478e   0x00000002   PAD
    0x08004790   0x08004790   0x00000074   Code   RO          825    i.pwm_reset_duty    timer1.o
    0x08004804   0x08004804   0x00000160   Code   RO          826    i.pwm_tim_init      timer1.o
    0x08004964   0x08004964   0x000000dc   Code   RO          720    i.spd_pi_cal        motor_control.o
    0x08004a40   0x08004a40   0x00000180   Code   RO          721    i.speed_calc_iq     motor_control.o
    0x08004bc0   0x08004bc0   0x000000bc   Code   RO         1025    i.uart2_dma_config  dma2.o
    0x08004c7c   0x08004c7c   0x000000a0   Code   RO         1026    i.uart2_init        dma2.o
    0x08004d1c   0x08004d1c   0x00000024   Code   RO         1028    i.usart2_recv_dma   dma2.o
    0x08004d40   0x08004d40   0x00000028   Code   RO         1029    i.usart2_send_dma   dma2.o
    0x08004d68   0x08004d68   0x0000002c   Code   RO         4049    locale$$code        c_w.l(lc_numeric_c.o)
    0x08004d94   0x08004d94   0x00000804   Code   RO         3878    sincos_table        IQmathLib-cm3.lib(IQtables.o)
    0x08005598   0x08005598   0x00000150   Code   RO         3930    x$fpl$dadd          fz_ws.l(daddsub_clz.o)
    0x080056e8   0x080056e8   0x000002b0   Code   RO         3937    x$fpl$ddiv          fz_ws.l(ddiv.o)
    0x08005998   0x08005998   0x0000005e   Code   RO         3940    x$fpl$dfix          fz_ws.l(dfix.o)
    0x080059f6   0x080059f6   0x0000002e   Code   RO         3945    x$fpl$dflt          fz_ws.l(dflt_clz.o)
    0x08005a24   0x08005a24   0x00000026   Code   RO         3944    x$fpl$dfltu         fz_ws.l(dflt_clz.o)
    0x08005a4a   0x08005a4a   0x00000002   PAD
    0x08005a4c   0x08005a4c   0x00000154   Code   RO         3950    x$fpl$dmul          fz_ws.l(dmul.o)
    0x08005ba0   0x08005ba0   0x0000009c   Code   RO         3988    x$fpl$dnaninf       fz_ws.l(dnaninf.o)
    0x08005c3c   0x08005c3c   0x0000000c   Code   RO         3990    x$fpl$dretinf       fz_ws.l(dretinf.o)
    0x08005c48   0x08005c48   0x000001d4   Code   RO         3932    x$fpl$dsub          fz_ws.l(daddsub_clz.o)
    0x08005e1c   0x08005e1c   0x00000056   Code   RO         3952    x$fpl$f2d           fz_ws.l(f2d.o)
    0x08005e72   0x08005e72   0x00000002   PAD
    0x08005e74   0x08005e74   0x000000c4   Code   RO         3954    x$fpl$fadd          fz_ws.l(faddsub_clz.o)
    0x08005f38   0x08005f38   0x00000184   Code   RO         3961    x$fpl$fdiv          fz_ws.l(fdiv.o)
    0x080060bc   0x080060bc   0x0000003e   Code   RO         3964    x$fpl$ffixu         fz_ws.l(ffixu.o)
    0x080060fa   0x080060fa   0x00000002   PAD
    0x080060fc   0x080060fc   0x00000030   Code   RO         3969    x$fpl$fflt          fz_ws.l(fflt_clz.o)
    0x0800612c   0x0800612c   0x00000026   Code   RO         3968    x$fpl$ffltu         fz_ws.l(fflt_clz.o)
    0x08006152   0x08006152   0x00000002   PAD
    0x08006154   0x08006154   0x00000102   Code   RO         3974    x$fpl$fmul          fz_ws.l(fmul.o)
    0x08006256   0x08006256   0x0000008c   Code   RO         3992    x$fpl$fnaninf       fz_ws.l(fnaninf.o)
    0x080062e2   0x080062e2   0x0000000a   Code   RO         3994    x$fpl$fretinf       fz_ws.l(fretinf.o)
    0x080062ec   0x080062ec   0x000000ea   Code   RO         3956    x$fpl$fsub          fz_ws.l(faddsub_clz.o)
    0x080063d6   0x080063d6   0x00000004   Code   RO         3976    x$fpl$printf1       fz_ws.l(printf1.o)
    0x080063da   0x080063da   0x00000000   Code   RO         3996    x$fpl$usenofp       fz_ws.l(usenofp.o)
    0x080063da   0x080063da   0x00000002   PAD
    0x080063dc   0x080063dc   0x00000094   Data   RO         4024    .constdata          c_w.l(bigflt0.o)
    0x08006470   0x08006470   0x00000020   Data   RO         4196    Region$$Table       anon$$obj.o
    0x08006490   0x08006490   0x0000001c   Data   RO         4048    locale$$data        c_w.l(lc_numeric_c.o)


    Execution Region RW_IRAM1 (Exec base: 0x20000000, Load base: 0x080064ac, Size: 0x00001698, Max: 0x00005000, ABSOLUTE, COMPRESSED[0x00000054])

    Exec Addr    Load Addr    Size         Type   Attr      Idx    E Section Name        Object

    0x20000000   COMPRESSED   0x00000005   Data   RW          269    .data               usart1.o
    0x20000005   COMPRESSED   0x00000003   PAD
    0x20000008   COMPRESSED   0x00000008   Data   RW          487    .data               usart3.o
    0x20000010   COMPRESSED   0x00000150   Data   RW          724    .data               motor_control.o
    0x20000160   COMPRESSED   0x00000007   Data   RW         1031    .data               dma2.o
    0x20000167   COMPRESSED   0x00000001   PAD
    0x20000168   COMPRESSED   0x0000003c   Data   RW         1104    .data               as56001.o
    0x200001a4   COMPRESSED   0x00000014   Data   RW         1432    .data               stm32f10x_rcc.o
    0x200001b8   COMPRESSED   0x00000004   Data   RW         3264    .data               delay.o
    0x200001bc   COMPRESSED   0x00000014   Data   RW         3390    .data               system_stm32f10x.o
    0x200001d0        -       0x00000280   Zero   RW          268    .bss                usart1.o
    0x20000450        -       0x00000280   Zero   RW          440    .bss                usart2.o
    0x200006d0        -       0x00000280   Zero   RW          486    .bss                usart3.o
    0x20000950        -       0x00000014   Zero   RW          650    .bss                ipark.o
    0x20000964        -       0x00000054   Zero   RW          723    .bss                motor_control.o
    0x200009b8        -       0x0000067c   Zero   RW         1030    .bss                dma2.o
    0x20001034        -       0x00000060   Zero   RW         4056    .bss                c_w.l(libspace.o)
    0x20001094   COMPRESSED   0x00000004   PAD
    0x20001098        -       0x00000200   Zero   RW           18    HEAP                startup_stm32f10x_md.o
    0x20001298        -       0x00000400   Zero   RW           17    STACK               startup_stm32f10x_md.o


==============================================================================

Image component sizes


      Code (inc. data)   RO Data    RW Data    ZI Data      Debug   Object Name

       328         26          0          0          0      10977   adc.o
       214         12          0          0          0       2914   as5600.o
       412         62          0         60          0       3091   as56001.o
         0          0          0          0          0       4588   core_cm3.o
       220         26          0          4          0       1931   delay.o
       524         58          0          7       1660      14599   dma2.o
       248         28          0          0          0       2229   exti.o
        70          0          0          0         20      19439   ipark.o
        96          8          0          0          0        563   led.o
       188         38          0          0          0     220111   main.o
       172         22          0          0          0       2269   misc.o
      3068        342          0        336         84      11560   motor_control.o
       624        102          0          0          0       4610   myiic.o
       382          0          0          0          0     232052   nvic.o
        64         26        236          0       1536        860   startup_stm32f10x_md.o
       486         24          0          0          0       9238   stm32f10x_adc.o
       510         26          0          0          0       6128   stm32f10x_dma.o
       160         12          0          0          0       3889   stm32f10x_exti.o
       346          4          0          0          0       3331   stm32f10x_gpio.o
        26          0          0          0          0       4182   stm32f10x_it.o
       396         56          0         20          0       7175   stm32f10x_rcc.o
      1382        146          0          0          0      31782   stm32f10x_tim.o
       498          6          0          0          0       7936   stm32f10x_usart.o
       328         28          0         20          0       2357   system_stm32f10x.o
       800         54          0          0          0       1690   timer.o
       722         56          0          0          0       5785   timer1.o
       324         30          0          5        640     266061   usart1.o
      1564        100          0          0        640       2161   usart2.o
       154         16          0          8        640       3177   usart3.o

    ----------------------------------------------------------------------
     14348       1308        268        464       5220     886685   Object Totals
         0          0         32          0          0          0   (incl. Generated)
        42          0          0          4          0          0   (incl. Padding)

    ----------------------------------------------------------------------

      Code (inc. data)   RO Data    RW Data    ZI Data      Debug   Library Member Name

       128         14          0          0          0        248   IQNcosPU.o
       144          2          0          0          0        256   IQNdiv.o
        16          2          0          0          0        196   IQNmpy.o
       124         14          0          0          0        244   IQNsinPU.o
        36          0          0          0          0        212   IQNtoF.o
      2052       2052          0          0          0        164   IQtables.o
        90          0          0          0          0          0   __dczerorl2.o
         8          0          0          0          0         68   __main.o
       284          0          0          0          0        156   __printf_wp.o
         0          0          0          0          0          0   __rtentry.o
        12          0          0          0          0          0   __rtentry2.o
         6          0          0          0          0          0   __rtentry4.o
        52          8          0          0          0          0   __scatter.o
        28          0          0          0          0          0   __scatter_zi.o
        48          6          0          0          0         96   _printf_char_common.o
         6          0          0          0          0          0   _printf_d.o
       120         16          0          0          0         92   _printf_dec.o
         6          0          0          0          0          0   _printf_f.o
      1054          0          0          0          0        216   _printf_fp_dec.o
       128         16          0          0          0         84   _printf_fp_infnan.o
       178          0          0          0          0         88   _printf_intcommon.o
         0          0          0          0          0          0   _printf_percent.o
         4          0          0          0          0          0   _printf_percent_end.o
        10          0          0          0          0         68   _sputc.o
       228          4        148          0          0         96   bigflt0.o
      1936        128          0          0          0        672   btod.o
        18          0          0          0          0         80   exit.o
         6          0          0          0          0        152   heapauxi.o
         0          0          0          0          0          0   indicate_semi.o
        44         10         28          0          0         76   lc_numeric_c.o
         2          0          0          0          0          0   libinit.o
        18          0          0          0          0          0   libinit2.o
         2          0          0          0          0          0   libshutdown.o
         2          0          0          0          0          0   libshutdown2.o
         8          4          0          0         96         68   libspace.o
       138          0          0          0          0         80   lludiv10.o
        40          6          0          0          0         84   noretval__2sprintf.o
         8          4          0          0          0         68   rt_locale_intlibspace.o
         2          0          0          0          0          0   rtexit.o
        10          0          0          0          0          0   rtexit2.o
       128          0          0          0          0         68   strcmpv7m.o
        62          0          0          0          0         76   strlen.o
        12          4          0          0          0         68   sys_exit.o
        74          0          0          0          0         80   sys_stackheap_outer.o
         2          0          0          0          0         68   use_no_semi.o
       804         16          0          0          0        272   daddsub_clz.o
       688        140          0          0          0        208   ddiv.o
        94          4          0          0          0         92   dfix.o
        84          0          0          0          0        136   dflt_clz.o
       340         12          0          0          0        104   dmul.o
       156          4          0          0          0         92   dnaninf.o
        12          0          0          0          0         68   dretinf.o
        86          4          0          0          0         84   f2d.o
       430          8          0          0          0        168   faddsub_clz.o
       388         76          0          0          0         96   fdiv.o
        62          4          0          0          0         84   ffixu.o
        86          0          0          0          0        136   fflt_clz.o
       258          4          0          0          0         84   fmul.o
       140          4          0          0          0         84   fnaninf.o
        10          0          0          0          0         68   fretinf.o
         4          0          0          0          0         68   printf1.o
         0          0          0          0          0          0   usenofp.o
        40          0          0          0          0         68   fpclassify.o

    ----------------------------------------------------------------------
     10980       2566        176          0        100       5836   Library Totals
        24          0          0          0          4          0   (incl. Padding)

    ----------------------------------------------------------------------

      Code (inc. data)   RO Data    RW Data    ZI Data      Debug   Library Name

      2500       2084          0          0          0       1320   IQmathLib-cm3.lib
      4774        206        176          0         96       2604   c_w.l
      3642        276          0          0          0       1844   fz_ws.l
        40          0          0          0          0         68   m_ws.l

    ----------------------------------------------------------------------
     10980       2566        176          0        100       5836   Library Totals

    ----------------------------------------------------------------------

==============================================================================


      Code (inc. data)   RO Data    RW Data    ZI Data      Debug   

     25328       3874        444        464       5320     882533   Grand Totals
     25328       3874        444         84       5320     882533   ELF Image Totals (compressed)
     25328       3874        444         84          0          0   ROM Totals

==============================================================================

    Total RO  Size (Code + RO Data)                25772 (  25.17kB)
    Total RW  Size (RW Data + ZI Data)              5784 (   5.65kB)
    Total ROM Size (Code + RO Data + RW Data)      25856 (  25.25kB)

==============================================================================

