<html>
<body>
<pre>
<h1>µVision Build Log</h1>
<h2>Tool Versions:</h2>
IDE-Version: ¦ÌVision V5.41.0.0
Copyright (C) 2024 ARM Ltd and ARM Germany GmbH. All rights reserved.
License Information: QWED 8617739, HP Inc., LIC=YA39H-WHM5M-8TG3P-MLGU4-BAKNL-F4DC7
 
Tool Versions:
Toolchain:       MDK-ARM Plus  Version: 5.41.0.0
Toolchain Path:  C:\Users\86177\AppData\Local\Keil_v5\ARM\ARMCC\Bin
C Compiler:      Armcc.exe V5.06 update 7 (build 960)
Assembler:       Armasm.exe V5.06 update 7 (build 960)
Linker/Locator:  ArmLink.exe V5.06 update 7 (build 960)
Library Manager: ArmAr.exe V5.06 update 7 (build 960)
Hex Converter:   FromElf.exe V5.06 update 7 (build 960)
CPU DLL:         SARMCM3.DLL V5.41.0.0
Dialog DLL:      DCM.DLL V1.17.5.0
Target DLL:      Segger\JL2CM3.dll V2.99.45.0
Dialog DLL:      TCM.DLL V1.56.4.0
 
<h2>Project:</h2>
c:\Users\86177\Desktop\stm32-f1-motor-control-master\stm32-f1-motor-control-master\32F103_BLDC_TRI_LOOP_V2.0\USER\OLED.uvprojx
Project File Date:  02/03/2026

<h2>Output:</h2>
*** Using Compiler 'V5.06 update 7 (build 960)', folder: 'C:\Users\86177\AppData\Local\Keil_v5\ARM\ARMCC\Bin'
Build target 'Target 1'
compiling main.c...
main.c(45): warning:  #223-D: function "Get_Current_angle" declared implicitly
  		Get_Current_angle();
main.c(48): warning:  #223-D: function "sprintf" declared implicitly
  		sprintf(strff2,"%.2f Current_Angle\n",Current_Angle);//%0.2f  angle
main.c(64): warning:  #223-D: function "strlen" declared implicitly
  		USART1_Send_Data((u8 *)strff2, strlen(strff2));
main.c(40): warning:  #177-D: variable "strff"  was declared but never referenced
  		char strff[21];
main.c: 4 warnings, 0 errors
linking...
Program Size: Code=25328 RO-data=444 RW-data=464 ZI-data=5320  
FromELF: creating hex file...
"..\OBJ\OLED.axf" - 0 Error(s), 4 Warning(s).

<h2>Software Packages used:</h2>

Package Vendor: Keil
                https://www.keil.com/pack/Keil.STM32F1xx_DFP.2.4.1.pack
                Keil::STM32F1xx_DFP@2.4.1
                STMicroelectronics STM32F1 Series Device Support, Drivers and Examples

<h2>Collection of Component include folders:</h2>
  C:/Users/86177/AppData/Local/Arm/Packs/Keil/STM32F1xx_DFP/2.4.1/Device/Include

<h2>Collection of Component Files used:</h2>
Build Time Elapsed:  00:00:03
</pre>
</body>
</html>
